<html>
<body>
<pre>
<h1>µVision Build Log</h1>
<h2>Tool Versions:</h2>
IDE-Version: µVision V5.38.0.0
Copyright (C) 2022 ARM Ltd and ARM Germany GmbH. All rights reserved.
License Information: Juan Ortiz, Universidad Militar Nueva Granada, LIC=----
 
Tool Versions:
Toolchain:       MDK-Lite  Version: 5.38.0.0
Toolchain Path:  C:\Keil_v5\ARM\ARMCC\Bin
C Compiler:      Armcc.exe V5.06 update 6 (build 750)
Assembler:       Armasm.exe V5.06 update 6 (build 750)
Linker/Locator:  ArmLink.exe V5.06 update 6 (build 750)
Library Manager: ArmAr.exe V5.06 update 6 (build 750)
Hex Converter:   FromElf.exe V5.06 update 6 (build 750)
CPU DLL:         SARMCM3.DLL V5.38.0.0
Dialog DLL:      DCM.DLL V1.17.5.0
Target DLL:      NULink\Nu_Link.dll V3.09
Dialog DLL:      TCM.DLL V1.56.4.0
 
<h2>Project:</h2>
C:\Users\jpirr\Desktop\SENSORES\SENSORES TEORIA\TALLER 2\HCH_COD\HCH_cod.uvprojx
Project File Date:  04/04/2023

<h2>Output:</h2>
*** Using Compiler 'V5.06 update 6 (build 750)', folder: 'C:\Keil_v5\ARM\ARMCC\Bin'
Rebuild target 'Target 1'
assembling startup_stm32f401xe.s...
compiling system_stm32f4xx.c...
compiling main.cpp...
main.cpp(127): warning:  #1-D: last line of file ends without a newline
  }
main.cpp: 1 warning, 0 errors
linking...
Program Size: Code=1140 RO-data=436 RW-data=84 ZI-data=1636  
FromELF: creating hex file...
".\Objects\HCH_cod.axf" - 0 Error(s), 1 Warning(s).

<h2>Software Packages used:</h2>

Package Vendor: ARM
                http://www.keil.com/pack/ARM.CMSIS.5.9.0.pack
                ARM.CMSIS.5.9.0
                CMSIS (Common Microcontroller Software Interface Standard)
   * Component: CORE Version: 5.6.0

Package Vendor: Keil
                https://www.keil.com/pack/Keil.STM32F4xx_DFP.2.17.0.pack
                Keil.STM32F4xx_DFP.2.17.0
                STMicroelectronics STM32F4 Series Device Support, Drivers and Examples
   * Component: Startup Version: 2.6.3

<h2>Collection of Component include folders:</h2>
  ./RTE/_Target_1
  C:/Users/jpirr/AppData/Local/Arm/Packs/ARM/CMSIS/5.9.0/CMSIS/Core/Include
  C:/Users/jpirr/AppData/Local/Arm/Packs/Keil/STM32F4xx_DFP/2.17.0/Drivers/CMSIS/Device/ST/STM32F4xx/Include

<h2>Collection of Component Files used:</h2>

   * Component: ARM::CMSIS:CORE:5.6.0

   * Component: Keil::Device:Startup:2.6.3
      Source file:   MDK/Device/Source/ARM/STM32F401xx_OPT.s
      Source file:   MDK/Device/Source/ARM/STM32F4xx_OTP.s
      Include file:  Drivers/CMSIS/Device/ST/STM32F4xx/Include/stm32f4xx.h
      Source file:   Drivers/CMSIS/Device/ST/STM32F4xx/Source/Templates/arm/startup_stm32f401xe.s
      Source file:   Drivers/CMSIS/Device/ST/STM32F4xx/Source/Templates/system_stm32f4xx.c
Build Time Elapsed:  00:00:01
</pre>
</body>
</html>
