<html>
<body>
<pre>
<h1>µVision Build Log</h1>
<h2>Tool Versions:</h2>
IDE-Version: µVision V5.38.0.0
Copyright (C) 2022 ARM Ltd and ARM Germany GmbH. All rights reserved.
License Information: Santiago Montenegro, Universidad Militar, LIC=----
 
Tool Versions:
Toolchain:       MDK-Lite  Version: 5.38.0.0
Toolchain Path:  C:\Keil_v5\ARM\ARMCLANG\Bin
C Compiler:      ArmClang.exe V6.19
Assembler:       Armasm.exe V6.19
Linker/Locator:  ArmLink.exe V6.19
Library Manager: ArmAr.exe V6.19
Hex Converter:   FromElf.exe V6.19
CPU DLL:         SARMCM3.DLL V5.38.0.0
Dialog DLL:      DCM.DLL V1.17.5.0
Target DLL:      STLink\ST-LINKIII-KEIL_SWO.dll V3.1.0.0
Dialog DLL:      TCM.DLL V1.56.4.0
 
<h2>Project:</h2>
E:\Archivos generales PC\Documentos\Proyectos uVision\Lab 4 actuadores 2.0\Practica 4.uvprojx
Project File Date:  09/12/2023

<h2>Output:</h2>
*** Using Compiler 'V6.19', folder: 'C:\Keil_v5\ARM\ARMCLANG\Bin'
Build target 'Target 1'
compiling Main.cpp...
linking...
Program Size: Code=1644 RO-data=472 RW-data=0 ZI-data=1656  
FromELF: creating hex file...
".\Objects\Practica 4.axf" - 0 Error(s), 0 Warning(s).

<h2>Software Packages used:</h2>

Package Vendor: ARM
                http://www.keil.com/pack/ARM.CMSIS.5.9.0.pack
                ARM.CMSIS.5.9.0
                CMSIS (Common Microcontroller Software Interface Standard)
   * Component: CORE Version: 5.6.0

Package Vendor: ARM
                https://www.keil.com/pack/ARM.CMSIS-DSP.1.14.4.pack
                ARM.CMSIS-DSP.1.14.4
                CMSIS Embedded Compute Library
   * Component: DSP Variant: Source Version: 1.14.4

Package Vendor: ARM
                https://www.keil.com/pack/ARM.CMSIS-NN.4.0.0.pack
                ARM.CMSIS-NN.4.0.0
                CMSIS (Common Microcontroller Software Interface Standard)
   * Component: NN Lib Version: 4.0.0

Package Vendor: Keil
                https://www.keil.com/pack/Keil.STM32F7xx_DFP.2.15.1.pack
                Keil.STM32F7xx_DFP.2.15.1
                STMicroelectronics STM32F7 Series Device Support, Drivers and Examples
   * Component: Startup Version: 1.2.5

<h2>Collection of Component include folders:</h2>
  ./RTE/_Target_1
  C:/Users/santi/AppData/Local/Arm/Packs/ARM/CMSIS-DSP/1.14.4/Include
  C:/Users/santi/AppData/Local/Arm/Packs/ARM/CMSIS-DSP/1.14.4/PrivateInclude
  C:/Users/santi/AppData/Local/Arm/Packs/ARM/CMSIS-NN/4.0.0/Include
  C:/Users/santi/AppData/Local/Arm/Packs/ARM/CMSIS/5.9.0/CMSIS/Core/Include
  C:/Users/santi/AppData/Local/Arm/Packs/Keil/STM32F7xx_DFP/2.15.1/Drivers/CMSIS/Device/ST/STM32F7xx/Include

<h2>Collection of Component Files used:</h2>

   * Component: ARM::CMSIS:CORE:5.6.0

   * Component: ARM::CMSIS:DSP:Source:1.14.4
      Source file:   Source/MatrixFunctions/MatrixFunctions.c
      Source file:   Source/StatisticsFunctions/StatisticsFunctions.c
      Source file:   Source/SupportFunctions/SupportFunctions.c
      Source file:   Source/ComplexMathFunctions/ComplexMathFunctions.c
      Source file:   Source/BasicMathFunctions/BasicMathFunctionsF16.c
      Source file:   Source/ComplexMathFunctions/ComplexMathFunctionsF16.c
      Source file:   Source/InterpolationFunctions/InterpolationFunctions.c
      Source file:   Source/FilteringFunctions/FilteringFunctionsF16.c
      Source file:   Source/CommonTables/CommonTablesF16.c
      Source file:   Source/TransformFunctions/TransformFunctionsF16.c
      Source file:   Source/CommonTables/CommonTables.c
      Include file:  Include/arm_common_tables.h
      Include file:  Include/arm_const_structs_f16.h
      Source file:   Source/DistanceFunctions/DistanceFunctions.c
      Source file:   Source/SVMFunctions/SVMFunctions.c
      Source file:   Source/TransformFunctions/TransformFunctions.c
      Source file:   Source/ControllerFunctions/ControllerFunctions.c
      Source file:   Source/FilteringFunctions/FilteringFunctions.c
      Include file:  Include/arm_math.h
      Include file:  Include/arm_math_f16.h
      Source file:   Source/BayesFunctions/BayesFunctions.c
      Include file:  Include/arm_common_tables_f16.h
      Source file:   Source/BasicMathFunctions/BasicMathFunctions.c
      Source file:   Source/FastMathFunctions/FastMathFunctions.c
      Include file:  Include/arm_const_structs.h
      Source file:   Source/QuaternionMathFunctions/QuaternionMathFunctions.c
      Source file:   Source/DistanceFunctions/DistanceFunctionsF16.c
      Source file:   Source/StatisticsFunctions/StatisticsFunctionsF16.c
      Source file:   Source/SupportFunctions/SupportFunctionsF16.c
      Source file:   Source/FastMathFunctions/FastMathFunctionsF16.c
      Source file:   Source/SVMFunctions/SVMFunctionsF16.c
      Source file:   Source/MatrixFunctions/MatrixFunctionsF16.c
      Source file:   Source/BayesFunctions/BayesFunctionsF16.c
      Source file:   Source/InterpolationFunctions/InterpolationFunctionsF16.c

   * Component: ARM::CMSIS:NN Lib:4.0.0
      Source file:   Source/FullyConnectedFunctions/arm_fully_connected_s16.c
      Source file:   Source/SoftmaxFunctions/arm_softmax_u8.c
      Source file:   Source/SoftmaxFunctions/arm_softmax_s8_s16.c
      Source file:   Source/SoftmaxFunctions/arm_nn_softmax_common_s8.c
      Source file:   Source/SoftmaxFunctions/arm_softmax_s16.c
      Source file:   Source/LSTMFunctions/arm_lstm_unidirectional_s8_s16.c
      Source file:   Source/SoftmaxFunctions/arm_softmax_s8.c
      Source file:   Source/FullyConnectedFunctions/arm_fully_connected_s8.c
      Include file:  Include/arm_nnsupportfunctions.h
      Include file:  Include/arm_nn_tables.h
      Include file:  Include/arm_nn_math_types.h
      Source file:   Source/ConvolutionFunctions/arm_convolve_1_x_n_s8.c
      Source file:   Source/ConvolutionFunctions/arm_depthwise_conv_wrapper_s8.c
      Include file:  Include/arm_nnfunctions.h
      Source file:   Source/ConvolutionFunctions/arm_nn_mat_mult_kernel_s8_s16.c
      Source file:   Source/ConvolutionFunctions/arm_convolve_1x1_s8.c
      Source file:   Source/ConvolutionFunctions/arm_depthwise_conv_s8.c
      Source file:   Source/ConvolutionFunctions/arm_depthwise_conv_s16.c
      Source file:   Source/ConvolutionFunctions/arm_convolve_1x1_s8_fast.c
      Include file:  Include/arm_nn_types.h
      Source file:   Source/ConcatenationFunctions/arm_concatenation_s8_x.c
      Source file:   Source/ConvolutionFunctions/arm_depthwise_conv_3x3_s8.c
      Source file:   Source/ConcatenationFunctions/arm_concatenation_s8_w.c
      Source file:   Source/SVDFunctions/arm_svdf_state_s16_s8.c
      Source file:   Source/PoolingFunctions/arm_avgpool_s8.c
      Source file:   Source/ConvolutionFunctions/arm_nn_mat_mult_s8.c
      Source file:   Source/BasicMathFunctions/arm_elementwise_add_s8.c
      Source file:   Source/ActivationFunctions/arm_relu_q15.c
      Source file:   Source/ActivationFunctions/arm_nn_activation_s16.c
      Source file:   Source/ReshapeFunctions/arm_reshape_s8.c
      Source file:   Source/NNSupportFunctions/arm_nn_vec_mat_mult_t_s8.c
      Source file:   Source/ConvolutionFunctions/arm_depthwise_conv_fast_s16.c
      Source file:   Source/ConvolutionFunctions/arm_convolve_s16.c
      Source file:   Source/ConvolutionFunctions/arm_convolve_fast_s16.c
      Source file:   Source/ConvolutionFunctions/arm_depthwise_conv_s8_opt.c
      Source file:   Source/ConvolutionFunctions/arm_convolve_wrapper_s8.c
      Source file:   Source/ConcatenationFunctions/arm_concatenation_s8_y.c
      Source file:   Source/PoolingFunctions/arm_max_pool_s8.c
      Source file:   Source/PoolingFunctions/arm_max_pool_s16.c
      Source file:   Source/BasicMathFunctions/arm_elementwise_mul_s16.c
      Source file:   Source/ConvolutionFunctions/arm_convolve_s8.c
      Source file:   Source/ConvolutionFunctions/arm_nn_depthwise_conv_s8_core.c
      Source file:   Source/BasicMathFunctions/arm_elementwise_mul_s8.c
      Source file:   Source/ConvolutionFunctions/arm_depthwise_conv_wrapper_s16.c
      Source file:   Source/ConvolutionFunctions/arm_convolve_wrapper_s16.c
      Source file:   Source/BasicMathFunctions/arm_elementwise_mul_s16_s8.c
      Source file:   Source/ActivationFunctions/arm_relu6_s8.c
      Source file:   Source/ActivationFunctions/arm_relu_q7.c
      Source file:   Source/BasicMathFunctions/arm_elementwise_add_s16.c
      Source file:   Source/PoolingFunctions/arm_avgpool_s16.c
      Source file:   Source/ConcatenationFunctions/arm_concatenation_s8_z.c
      Source file:   Source/SVDFunctions/arm_svdf_s8.c
      Source file:   Source/NNSupportFunctions/arm_nn_depthwise_conv_nt_t_s8.c
      Source file:   Source/NNSupportFunctions/arm_nn_lstm_step_s8_s16.c
      Source file:   Source/NNSupportFunctions/arm_nn_lstm_update_output_s8_s16.c
      Source file:   Source/NNSupportFunctions/arm_nn_mat_mult_nt_t_s8.c
      Source file:   Source/NNSupportFunctions/arm_nn_vec_mat_mul_result_acc_s8.c
      Source file:   Source/NNSupportFunctions/arm_nn_depthwise_conv_nt_t_s16.c
      Source file:   Source/NNSupportFunctions/arm_nn_vec_mat_mult_t_svdf_s8.c
      Source file:   Source/NNSupportFunctions/arm_nn_depthwise_conv_nt_t_padded_s8.c
      Source file:   Source/NNSupportFunctions/arm_q7_to_q15_with_offset.c
      Source file:   Source/NNSupportFunctions/arm_nn_mat_mul_core_1x_s8.c
      Source file:   Source/NNSupportFunctions/arm_nn_vec_mat_mult_t_s16.c
      Source file:   Source/NNSupportFunctions/arm_nn_mat_mul_core_4x_s8.c
      Source file:   Source/NNSupportFunctions/arm_nn_lstm_update_cell_state_s16.c
      Source file:   Source/NNSupportFunctions/arm_nn_lstm_calculate_gate_s8_s16.c
      Source file:   Source/NNSupportFunctions/arm_nn_mat_mul_kernel_s16.c
      Source file:   Source/NNSupportFunctions/arm_nntables.c

   * Component: Keil::Device:Startup:1.2.5
      Include file:  Drivers/CMSIS/Device/ST/STM32F7xx/Include/stm32f7xx.h
      Source file:   MDK/Device/Source/ARM/STM32F74x_75x_OPT.s
      Source file:   MDK/Device/Source/ARM/STM32F74x_75x_OTP.s
      Source file:   Drivers/CMSIS/Device/ST/STM32F7xx/Source/Templates/arm/startup_stm32f746xx.s
      Source file:   Drivers/CMSIS/Device/ST/STM32F7xx/Source/Templates/system_stm32f7xx.c
Build Time Elapsed:  00:00:03
</pre>
</body>
</html>
