Component: Arm Compiler for Embedded 6.19 Tool: armlink [5e73cb00]

==============================================================================

Section Cross References

    main.o(.text.__cxx_global_var_init) refers to main.o(.bss.L) for L
    main.o(.text.__cxx_global_var_init) refers to glcd12864.o(.text._ZN9GLcd12864C2Ev) for GLcd12864::GLcd12864()
    main.o(.ARM.exidx.text.__cxx_global_var_init) refers to main.o(.text.__cxx_global_var_init) for [Anonymous Symbol]
    main.o(.text._Z6kalmanv) refers to main.o(.data.x_est) for x_est
    main.o(.text._Z6kalmanv) refers to main.o(.data.p_est) for p_est
    main.o(.text._Z6kalmanv) refers to main.o(.data.q) for q
    main.o(.text._Z6kalmanv) refers to main.o(.data.r) for r
    main.o(.text._Z6kalmanv) refers to main.o(.bss.conver) for conver
    main.o(.ARM.exidx.text._Z6kalmanv) refers to main.o(.text._Z6kalmanv) for [Anonymous Symbol]
    main.o(.text.SysTick_Handler) refers to main.o(.bss.seg) for seg
    main.o(.text.SysTick_Handler) refers to main.o(.bss.bandera) for bandera
    main.o(.ARM.exidx.text.SysTick_Handler) refers to main.o(.text.SysTick_Handler) for [Anonymous Symbol]
    main.o(.text.main) refers to main.o(.bss.L) for L
    main.o(.text.main) refers to glcd12864.o(.text._ZN9GLcd1286411IniciarGLCDEiiiiiiiiiiiii) for GLcd12864::IniciarGLCD(int, int, int, int, int, int, int, int, int, int, int, int, int)
    main.o(.text.main) refers to delay.o(.text._Z8Delay_msj) for Delay_ms(unsigned int)
    main.o(.text.main) refers to system_stm32f4xx.o(.text.SystemCoreClockUpdate) for SystemCoreClockUpdate
    main.o(.text.main) refers to system_stm32f4xx.o(.data.SystemCoreClock) for SystemCoreClock
    main.o(.text.main) refers to main.o(.text._ZL14SysTick_Configj) for SysTick_Config(unsigned int)
    main.o(.text.main) refers to main.o(.rodata.str1.1) for .L.str
    main.o(.text.main) refers to glcd.o(.text._ZN4GLcd10PrintTextoEiiPc) for GLcd::PrintTexto(int, int, char*)
    main.o(.text.main) refers to main.o(.data.potfinal) for potfinal
    main.o(.text.main) refers to main.o(.bss.pot2) for pot2
    main.o(.text.main) refers to main.o(.bss.conver) for conver
    main.o(.text.main) refers to main.o(.text._Z6kalmanv) for kalman()
    main.o(.text.main) refers to f2d.o(x$fpl$f2d) for __aeabi_f2d
    main.o(.text.main) refers to ddiv.o(x$fpl$ddiv) for __aeabi_ddiv
    main.o(.text.main) refers to dmul.o(x$fpl$dmul) for __aeabi_dmul
    main.o(.text.main) refers to d2f.o(x$fpl$d2f) for __aeabi_d2f
    main.o(.text.main) refers to main.o(.bss.pot) for pot
    main.o(.text.main) refers to dcmp.o(x$fpl$fcmp) for __aeabi_dcmplt
    main.o(.text.main) refers to main.o(.bss.contadorx) for contadorx
    main.o(.text.main) refers to main.o(.bss.contadory) for contadory
    main.o(.text.main) refers to main.o(.bss.cont_bpm) for cont_bpm
    main.o(.text.main) refers to main.o(.bss.bandera) for bandera
    main.o(.text.main) refers to main.o(.bss.bmp2) for bmp2
    main.o(.text.main) refers to glcd.o(.text._ZN4GLcd9PrintCharEiic) for GLcd::PrintChar(int, int, char)
    main.o(.text.main) refers to glcd.o(.text._ZN4GLcd5LineaEiiii) for GLcd::Linea(int, int, int, int)
    main.o(.text.main) refers to glcd12864.o(.text._ZN9GLcd128649RefrescarEv) for GLcd12864::Refrescar()
    main.o(.text.main) refers to glcd12864.o(.text._ZN9GLcd1286414BorrarPantallaEv) for GLcd12864::BorrarPantalla()
    main.o(.ARM.exidx.text.main) refers to main.o(.text.main) for [Anonymous Symbol]
    main.o(.text._ZL14SysTick_Configj) refers to main.o(.text._ZL18__NVIC_SetPriority9IRQn_Typej) for __NVIC_SetPriority(IRQn_Type, unsigned int)
    main.o(.ARM.exidx.text._ZL14SysTick_Configj) refers to main.o(.text._ZL14SysTick_Configj) for [Anonymous Symbol]
    main.o(.ARM.exidx.text._ZL18__NVIC_SetPriority9IRQn_Typej) refers to main.o(.text._ZL18__NVIC_SetPriority9IRQn_Typej) for [Anonymous Symbol]
    main.o(.text._GLOBAL__sub_I_Main.cpp) refers to main.o(.text.__cxx_global_var_init) for __cxx_global_var_init
    main.o(.ARM.exidx.text._GLOBAL__sub_I_Main.cpp) refers to main.o(.text._GLOBAL__sub_I_Main.cpp) for [Anonymous Symbol]
    main.o(.init_array) refers to main.o(.text._GLOBAL__sub_I_Main.cpp) for _GLOBAL__sub_I_Main.cpp
    delay.o(.text._Z12IniciarDelayv) refers to system_stm32f4xx.o(.text.SystemCoreClockUpdate) for SystemCoreClockUpdate
    delay.o(.ARM.exidx.text._Z12IniciarDelayv) refers to delay.o(.text._Z12IniciarDelayv) for [Anonymous Symbol]
    delay.o(.text._Z8Delay_usj) refers to dflt_clz.o(x$fpl$dfltu) for __aeabi_ui2d
    delay.o(.text._Z8Delay_usj) refers to system_stm32f4xx.o(.data.SystemCoreClock) for SystemCoreClock
    delay.o(.text._Z8Delay_usj) refers to ddiv.o(x$fpl$ddiv) for __aeabi_ddiv
    delay.o(.text._Z8Delay_usj) refers to dmul.o(x$fpl$dmul) for __aeabi_dmul
    delay.o(.text._Z8Delay_usj) refers to dfixu.o(x$fpl$dfixu) for __aeabi_d2uiz
    delay.o(.ARM.exidx.text._Z8Delay_usj) refers to delay.o(.text._Z8Delay_usj) for [Anonymous Symbol]
[...]
    libinit.o(.ARM.Collect$$libinit$$00000000) refers (Special) to libinit2.o(.ARM.Collect$$libinit$$00000004) for __rt_lib_init_relocate_pie_1
    libinit.o(.ARM.Collect$$libinit$$00000000) refers (Special) to libinit2.o(.ARM.Collect$$libinit$$00000035) for __rt_lib_init_return
    libinit.o(.ARM.Collect$$libinit$$00000000) refers (Special) to libinit2.o(.ARM.Collect$$libinit$$0000001F) for __rt_lib_init_signal_1
    libinit.o(.ARM.Collect$$libinit$$00000000) refers (Special) to libinit2.o(.ARM.Collect$$libinit$$00000027) for __rt_lib_init_stdio_1
    libinit.o(.ARM.Collect$$libinit$$00000000) refers (Special) to libinit2.o(.ARM.Collect$$libinit$$0000000E) for __rt_lib_init_user_alloc_1
    sys_command.o(.text) refers (Special) to use_no_semi.o(.text) for __I$use$semihosting
    sys_command.o(.text) refers (Special) to indicate_semi.o(.text) for __semihosting_library_function
    sys_command_hlt.o(.text) refers (Special) to use_no_semi.o(.text) for __I$use$semihosting
    sys_command_hlt.o(.text) refers (Special) to indicate_semi.o(.text) for __semihosting_library_function
    libspace.o(.text) refers to libspace.o(.bss) for __libspace_start
    rtexit.o(.ARM.Collect$$rtexit$$00000000) refers (Special) to rtexit2.o(.ARM.Collect$$rtexit$$00000004) for __rt_exit_exit
    rtexit.o(.ARM.Collect$$rtexit$$00000000) refers (Special) to rtexit2.o(.ARM.Collect$$rtexit$$00000003) for __rt_exit_ls
    rtexit.o(.ARM.Collect$$rtexit$$00000000) refers (Special) to rtexit2.o(.ARM.Collect$$rtexit$$00000002) for __rt_exit_prels_1
    rtexit.o(.ARM.exidx) refers (Special) to rtexit2.o(.ARM.Collect$$rtexit$$00000004) for __rt_exit_exit
    rtexit.o(.ARM.exidx) refers (Special) to rtexit2.o(.ARM.Collect$$rtexit$$00000003) for __rt_exit_ls
    rtexit.o(.ARM.exidx) refers (Special) to rtexit2.o(.ARM.Collect$$rtexit$$00000002) for __rt_exit_prels_1
    rtexit.o(.ARM.exidx) refers to rtexit.o(.ARM.Collect$$rtexit$$00000000) for .ARM.Collect$$rtexit$$00000000
    defsig_rtmem_outer.o(.text) refers to defsig_rtmem_inner.o(.text) for __rt_SIGRTMEM_inner
    defsig_rtmem_outer.o(.text) refers to defsig_exit.o(.text) for __sig_exit
    defsig_rtmem_formal.o(.text) refers to rt_raise.o(.text) for __rt_raise
    rtexit2.o(.ARM.Collect$$rtexit$$00000003) refers to libshutdown.o(.ARM.Collect$$libshutdown$$00000000) for __rt_lib_shutdown
    rtexit2.o(.ARM.Collect$$rtexit$$00000004) refers to sys_exit.o(.text) for _sys_exit
    rtexit2.o(.ARM.exidx) refers to rtexit2.o(.ARM.Collect$$rtexit$$00000001) for .ARM.Collect$$rtexit$$00000001
    rtexit2.o(.ARM.exidx) refers to rtexit2.o(.ARM.Collect$$rtexit$$00000003) for .ARM.Collect$$rtexit$$00000003
    rtexit2.o(.ARM.exidx) refers to rtexit2.o(.ARM.Collect$$rtexit$$00000004) for .ARM.Collect$$rtexit$$00000004
    rt_raise.o(.text) refers to __raise.o(.text) for __raise
    rt_raise.o(.text) refers to sys_exit.o(.text) for _sys_exit
    defsig_exit.o(.text) refers to sys_exit.o(.text) for _sys_exit
    defsig_rtmem_inner.o(.text) refers to defsig_general.o(.text) for __default_signal_display
    sys_exit.o(.text) refers (Special) to use_no_semi.o(.text) for __I$use$semihosting
    sys_exit.o(.text) refers (Special) to indicate_semi.o(.text) for __semihosting_library_function
    sys_exit_hlt.o(.text) refers (Special) to use_no_semi.o(.text) for __I$use$semihosting
    sys_exit_hlt.o(.text) refers (Special) to indicate_semi.o(.text) for __semihosting_library_function
    __raise.o(.text) refers to defsig.o(CL$$defsig) for __default_signal_handler
    defsig_general.o(.text) refers to sys_wrch.o(.text) for _ttywrch
    libshutdown.o(.ARM.Collect$$libshutdown$$00000000) refers (Special) to libshutdown2.o(.ARM.Collect$$libshutdown$$00000002) for __rt_lib_shutdown_cpp_1
    libshutdown.o(.ARM.Collect$$libshutdown$$00000000) refers (Special) to libshutdown2.o(.ARM.Collect$$libshutdown$$00000007) for __rt_lib_shutdown_fp_trap_1
    libshutdown.o(.ARM.Collect$$libshutdown$$00000000) refers (Special) to libshutdown2.o(.ARM.Collect$$libshutdown$$0000000F) for __rt_lib_shutdown_heap_1
    libshutdown.o(.ARM.Collect$$libshutdown$$00000000) refers (Special) to libshutdown2.o(.ARM.Collect$$libshutdown$$00000010) for __rt_lib_shutdown_return
    libshutdown.o(.ARM.Collect$$libshutdown$$00000000) refers (Special) to libshutdown2.o(.ARM.Collect$$libshutdown$$0000000A) for __rt_lib_shutdown_signal_1
    libshutdown.o(.ARM.Collect$$libshutdown$$00000000) refers (Special) to libshutdown2.o(.ARM.Collect$$libshutdown$$00000004) for __rt_lib_shutdown_stdio_1
    libshutdown.o(.ARM.Collect$$libshutdown$$00000000) refers (Special) to libshutdown2.o(.ARM.Collect$$libshutdown$$0000000C) for __rt_lib_shutdown_user_alloc_1
    sys_wrch.o(.text) refers (Special) to use_no_semi.o(.text) for __I$use$semihosting
    sys_wrch.o(.text) refers (Special) to indicate_semi.o(.text) for __semihosting_library_function
    sys_wrch_hlt.o(.text) refers (Special) to use_no_semi.o(.text) for __I$use$semihosting
    sys_wrch_hlt.o(.text) refers (Special) to indicate_semi.o(.text) for __semihosting_library_function
    defsig.o(CL$$defsig) refers to defsig_rtmem_inner.o(.text) for __rt_SIGRTMEM_inner
    defsig_abrt_inner.o(.text) refers to defsig_general.o(.text) for __default_signal_display
    defsig_fpe_inner.o(.text) refers to defsig_general.o(.text) for __default_signal_display
    defsig_rtred_inner.o(.text) refers to defsig_general.o(.text) for __default_signal_display
    defsig_stak_inner.o(.text) refers to defsig_general.o(.text) for __default_signal_display
    defsig_pvfn_inner.o(.text) refers to defsig_general.o(.text) for __default_signal_display
    defsig_cppl_inner.o(.text) refers to defsig_general.o(.text) for __default_signal_display
    defsig_segv_inner.o(.text) refers to defsig_general.o(.text) for __default_signal_display
    defsig_other.o(.text) refers to defsig_general.o(.text) for __default_signal_display


==============================================================================

Removing Unused input sections from the image.

    Removing main.o(.text), (0 bytes).
    Removing main.o(.ARM.exidx.text.__cxx_global_var_init), (8 bytes).
    Removing main.o(.ARM.exidx.text._Z6kalmanv), (8 bytes).
    Removing main.o(.ARM.exidx.text.SysTick_Handler), (8 bytes).
    Removing main.o(.ARM.exidx.text.main), (8 bytes).
    Removing main.o(.ARM.exidx.text._ZL14SysTick_Configj), (8 bytes).
    Removing main.o(.ARM.exidx.text._ZL18__NVIC_SetPriority9IRQn_Typej), (8 bytes).
    Removing main.o(.ARM.exidx.text._GLOBAL__sub_I_Main.cpp), (8 bytes).
    Removing main.o(.ARM.use_no_argv), (4 bytes).
    Removing delay.o(.text), (0 bytes).
    Removing delay.o(.ARM.exidx.text._Z12IniciarDelayv), (8 bytes).
    Removing delay.o(.text._Z8Delay_usj), (136 bytes).
    Removing delay.o(.ARM.exidx.text._Z8Delay_usj), (8 bytes).
    Removing delay.o(.ARM.exidx.text._Z17delayMicrosecondsj), (8 bytes).
    Removing delay.o(.ARM.exidx.text._Z8Delay_msj), (8 bytes).
    Removing delay.o(.ARM.exidx.text._Z5delayj), (8 bytes).
    Removing glcd.o(.text), (0 bytes).
    Removing glcd.o(.ARM.exidx.text._ZN4GLcdC2Ev), (8 bytes).
    Removing glcd.o(.ARM.exidx.text._ZN4GLcd11FuenteTextoEPKh), (8 bytes).
    Removing glcd.o(.ARM.exidx.text._ZN4GLcd11IniciarGLCDEv), (8 bytes).
    Removing glcd.o(.ARM.exidx.text._ZN4GLcd5PixelEii), (8 bytes).
    Removing glcd.o(.ARM.exidx.text._ZN4GLcd6LineaXEiii), (8 bytes).
    Removing glcd.o(.ARM.exidx.text._ZN4GLcd6LineaYEiii), (8 bytes).
    Removing glcd.o(.ARM.exidx.text._ZN4GLcd9RefrescarEv), (8 bytes).
    Removing glcd.o(.ARM.exidx.text._ZN4GLcd8SetColorEj), (8 bytes).
    Removing glcd.o(.text._ZN4GLcd5MoverEii), (22 bytes).
    Removing glcd.o(.ARM.exidx.text._ZN4GLcd5MoverEii), (8 bytes).
    Removing glcd.o(.text._ZN4GLcd5LineaEii), (48 bytes).
    Removing glcd.o(.ARM.exidx.text._ZN4GLcd5LineaEii), (8 bytes).
    Removing glcd.o(.ARM.exidx.text._ZN4GLcd5LineaEiiii), (8 bytes).
    Removing glcd.o(.text._ZN4GLcd6LineaPEiiiih), (526 bytes).
    Removing glcd.o(.ARM.exidx.text._ZN4GLcd6LineaPEiiiih), (8 bytes).
    Removing glcd.o(.text._ZN4GLcd7LineaXPEiiih), (130 bytes).
    Removing glcd.o(.ARM.exidx.text._ZN4GLcd7LineaXPEiiih), (8 bytes).
    Removing glcd.o(.text._ZN4GLcd7LineaYPEiiih), (130 bytes).
    Removing glcd.o(.ARM.exidx.text._ZN4GLcd7LineaYPEiiih), (8 bytes).
    Removing glcd.o(.text._ZN4GLcd16CirculoCuadranteEiiih), (338 bytes).
    Removing glcd.o(.ARM.exidx.text._ZN4GLcd16CirculoCuadranteEiiih), (8 bytes).
    Removing glcd.o(.text._ZN4GLcd7CirculoEiii), (38 bytes).
    Removing glcd.o(.ARM.exidx.text._ZN4GLcd7CirculoEiii), (8 bytes).
    Removing glcd.o(.text._ZN4GLcd14CirculoRellenoEiii), (228 bytes).
    Removing glcd.o(.ARM.exidx.text._ZN4GLcd14CirculoRellenoEiii), (8 bytes).
    Removing glcd.o(.text._ZN4GLcd15RectanguloCurvoEiiiii), (448 bytes).
    Removing glcd.o(.ARM.exidx.text._ZN4GLcd15RectanguloCurvoEiiiii), (8 bytes).
    Removing glcd.o(.text._ZN4GLcd22RectanguloCurvoRellenoEiiiii), (472 bytes).
    Removing glcd.o(.ARM.exidx.text._ZN4GLcd22RectanguloCurvoRellenoEiiiii), (8 bytes).
    Removing glcd.o(.text._ZN4GLcd17RectanguloRellenoEiiii), (68 bytes).
    Removing glcd.o(.ARM.exidx.text._ZN4GLcd17RectanguloRellenoEiiii), (8 bytes).
    Removing glcd.o(.text._ZN4GLcd23CirculoCuadranteRellenoEiiih), (394 bytes).
    Removing glcd.o(.ARM.exidx.text._ZN4GLcd23CirculoCuadranteRellenoEiiih), (8 bytes).
    Removing glcd.o(.text._ZN4GLcd10RectanguloEiiii), (48 bytes).
    Removing glcd.o(.ARM.exidx.text._ZN4GLcd10RectanguloEiiii), (8 bytes).
    Removing glcd.o(.text._ZN4GLcd14BorrarPantallaEj), (28 bytes).
    Removing glcd.o(.ARM.exidx.text._ZN4GLcd14BorrarPantallaEj), (8 bytes).
    Removing glcd.o(.text._ZN4GLcd14BorrarPantallaEv), (28 bytes).
    Removing glcd.o(.ARM.exidx.text._ZN4GLcd14BorrarPantallaEv), (8 bytes).
    Removing glcd.o(.ARM.exidx.text._ZN4GLcd9AnchoCharEc), (8 bytes).
    Removing glcd.o(.text._ZN4GLcd8AltoCharEv), (12 bytes).
    Removing glcd.o(.ARM.exidx.text._ZN4GLcd8AltoCharEv), (8 bytes).
    Removing glcd.o(.text._ZN4GLcd10AnchoTextoEPc), (62 bytes).
    Removing glcd.o(.ARM.exidx.text._ZN4GLcd10AnchoTextoEPc), (8 bytes).
    Removing glcd.o(.ARM.exidx.text._ZN4GLcd12GetPixelFontEPKhiic), (8 bytes).
    Removing glcd.o(.ARM.exidx.text._ZN4GLcd12GetPixelFontEiic), (8 bytes).
    Removing glcd.o(.ARM.exidx.text._ZN4GLcd9PrintCharEiic), (8 bytes).
    Removing glcd.o(.ARM.exidx.text._ZN4GLcd10PrintTextoEiiPc), (8 bytes).
    Removing glcd12864.o(.text), (0 bytes).
    Removing glcd12864.o(.ARM.exidx.text._ZN9GLcd12864C2Ev), (8 bytes).
    Removing glcd12864.o(.ARM.exidx.text._ZN9GLcd1286411IniciarGLCDEv), (8 bytes).
    Removing glcd12864.o(.ARM.exidx.text._ZN9GLcd1286411IniciarGLCDEiiiiiiiiiiiii), (8 bytes).
    Removing glcd12864.o(.ARM.exidx.text._ZN9GLcd128648PastillaEbb), (8 bytes).
    Removing glcd12864.o(.ARM.exidx.text._ZN9GLcd128647ComandoEh), (8 bytes).
    Removing glcd12864.o(.ARM.exidx.text._ZN9GLcd1286414BorrarPantallaEv), (8 bytes).
    Removing glcd12864.o(.text._ZN9GLcd128644TestEv), (148 bytes).
    Removing glcd12864.o(.ARM.exidx.text._ZN9GLcd128644TestEv), (8 bytes).
    Removing glcd12864.o(.ARM.exidx.text._ZN9GLcd128643BusEh), (8 bytes).
    Removing glcd12864.o(.ARM.exidx.text._ZN9GLcd128649RefrescarEv), (8 bytes).
    Removing glcd12864.o(.ARM.exidx.text._ZN9GLcd128649SetPaginaEh), (8 bytes).
    Removing glcd12864.o(.ARM.exidx.text._ZN9GLcd1286410SetColumnaEh), (8 bytes).
    Removing glcd12864.o(.text._ZN9GLcd1286412BorrarPaginaEh), (70 bytes).
    Removing glcd12864.o(.ARM.exidx.text._ZN9GLcd1286412BorrarPaginaEh), (8 bytes).
    Removing glcd12864.o(.text._ZN9GLcd128646ImagenEPh), (54 bytes).
    Removing glcd12864.o(.ARM.exidx.text._ZN9GLcd128646ImagenEPh), (8 bytes).
    Removing glcd12864.o(.text._ZN9GLcd128644DatoEh), (76 bytes).
    Removing glcd12864.o(.ARM.exidx.text._ZN9GLcd128644DatoEh), (8 bytes).
    Removing glcd12864.o(.ARM.exidx.text._ZN9GLcd128645PixelEii), (8 bytes).
    Removing glcd12864.o(.ARM.exidx.text._ZN9GLcd128646LineaXEiii), (8 bytes).
    Removing glcd12864.o(.ARM.exidx.text._ZN9GLcd128646LineaYEiii), (8 bytes).
    Removing glcd12864.o(.rodata.str1.1), (33 bytes).
    Removing glcd12864.o(.rodata._ZL11System14x14), (2786 bytes).
    Removing pines.o(.text), (0 bytes).
    Removing pines.o(.text._ZN5Pines18FuncionAlternativaEhh), (160 bytes).
    Removing pines.o(.ARM.exidx.text._ZN5Pines18FuncionAlternativaEhh), (8 bytes).
    Removing pines.o(.ARM.exidx.text._ZN5Pines3PinEh), (8 bytes).
    Removing pines.o(.ARM.exidx.text._ZN5Pines10DigitalOutEh), (8 bytes).
    Removing pines.o(.ARM.exidx.text._ZN5Pines6SetPinEb), (8 bytes).
    Removing pines.o(.text._ZN5Pines10DigitalOutEv), (26 bytes).
    Removing pines.o(.ARM.exidx.text._ZN5Pines10DigitalOutEv), (8 bytes).
    Removing pines.o(.text._ZN5Pines14DigitalOutOpenEh), (32 bytes).
    Removing pines.o(.ARM.exidx.text._ZN5Pines14DigitalOutOpenEh), (8 bytes).
    Removing pines.o(.text._ZN5Pines9OpenDrainEv), (20 bytes).
    Removing pines.o(.ARM.exidx.text._ZN5Pines9OpenDrainEv), (8 bytes).
    Removing pines.o(.text._ZN5Pines9DigitalInEh), (24 bytes).
    Removing pines.o(.ARM.exidx.text._ZN5Pines9DigitalInEh), (8 bytes).
    Removing pines.o(.text._ZN5Pines9DigitalInEv), (26 bytes).
    Removing pines.o(.ARM.exidx.text._ZN5Pines9DigitalInEv), (8 bytes).
    Removing pines.o(.text._ZN5Pines11DigitalInUpEh), (32 bytes).
    Removing pines.o(.ARM.exidx.text._ZN5Pines11DigitalInUpEh), (8 bytes).
    Removing pines.o(.text._ZN5Pines6PullUpEv), (28 bytes).
    Removing pines.o(.ARM.exidx.text._ZN5Pines6PullUpEv), (8 bytes).
    Removing pines.o(.text._ZN5Pines13DigitalInDownEh), (32 bytes).
    Removing pines.o(.ARM.exidx.text._ZN5Pines13DigitalInDownEh), (8 bytes).
    Removing pines.o(.text._ZN5Pines8PullDownEv), (28 bytes).
    Removing pines.o(.ARM.exidx.text._ZN5Pines8PullDownEv), (8 bytes).
    Removing pines.o(.text._ZN5Pines7AnalogoEh), (46 bytes).
    Removing pines.o(.ARM.exidx.text._ZN5Pines7AnalogoEh), (8 bytes).
    Removing pines.o(.text._ZN5Pines6GetPinEv), (42 bytes).
    Removing pines.o(.ARM.exidx.text._ZN5Pines6GetPinEv), (8 bytes).
    Removing pines.o(.text._ZN5Pines12InterrupcionEPFvvEbb), (1030 bytes).
    Removing pines.o(.ARM.exidx.text._ZN5Pines12InterrupcionEPFvvEbb), (8 bytes).
    Removing pines.o(.text._ZL16__NVIC_EnableIRQ9IRQn_Type), (48 bytes).
    Removing pines.o(.ARM.exidx.text._ZL16__NVIC_EnableIRQ9IRQn_Type), (8 bytes).
    Removing pines.o(.ARM.exidx.text._ZN5PinesaSEb), (8 bytes).
    Removing pines.o(.text._ZN5PinescvbEv), (16 bytes).
    Removing pines.o(.ARM.exidx.text._ZN5PinescvbEv), (8 bytes).
    Removing pines.o(.text._ZN5PinesaSES_), (48 bytes).
    Removing pines.o(.ARM.exidx.text._ZN5PinesaSES_), (8 bytes).
    Removing pines.o(.text._ZN5PineslsEh), (24 bytes).
    Removing pines.o(.ARM.exidx.text._ZN5PineslsEh), (8 bytes).
    Removing pines.o(.text._ZN5PinesrsEh), (24 bytes).
    Removing pines.o(.ARM.exidx.text._ZN5PinesrsEh), (8 bytes).
    Removing pines.o(.text._ZN5PineslsEi), (22 bytes).
    Removing pines.o(.ARM.exidx.text._ZN5PineslsEi), (8 bytes).
    Removing pines.o(.ARM.exidx.text._ZN5PinesrsEi), (8 bytes).
    Removing pines.o(.text._ZN5PinesanEb), (26 bytes).
    Removing pines.o(.ARM.exidx.text._ZN5PinesanEb), (8 bytes).
    Removing pines.o(.text._ZN5PinesorEb), (30 bytes).
    Removing pines.o(.ARM.exidx.text._ZN5PinesorEb), (8 bytes).
    Removing pines.o(.text._ZN5PineseoEb), (30 bytes).
    Removing pines.o(.ARM.exidx.text._ZN5PineseoEb), (8 bytes).
    Removing pines.o(.text._ZN5PinesntEv), (20 bytes).
    Removing pines.o(.ARM.exidx.text._ZN5PinesntEv), (8 bytes).
    Removing pines.o(.text._ZN5PinesaNEb), (36 bytes).
    Removing pines.o(.ARM.exidx.text._ZN5PinesaNEb), (8 bytes).
    Removing pines.o(.text._ZN5PinesoREb), (40 bytes).
    Removing pines.o(.ARM.exidx.text._ZN5PinesoREb), (8 bytes).
    Removing pines.o(.text._ZN5PineseOEb), (40 bytes).
    Removing pines.o(.ARM.exidx.text._ZN5PineseOEb), (8 bytes).
    Removing pines.o(.text._ZN5PinesrsEPFvvE), (24 bytes).
    Removing pines.o(.ARM.exidx.text._ZN5PinesrsEPFvvE), (8 bytes).
    Removing pines.o(.text._ZN5PineslsEPFvvE), (24 bytes).
    Removing pines.o(.ARM.exidx.text._ZN5PineslsEPFvvE), (8 bytes).
    Removing pines.o(.text._Z4HCLKv), (18 bytes).
    Removing pines.o(.ARM.exidx.text._Z4HCLKv), (8 bytes).
    Removing pines.o(.text._Z5PCLK1v), (256 bytes).
    Removing pines.o(.ARM.exidx.text._Z5PCLK1v), (8 bytes).
    Removing pines.o(.text._Z5PCLK2v), (256 bytes).
    Removing pines.o(.ARM.exidx.text._Z5PCLK2v), (8 bytes).
    Removing pines.o(.bss.FunExti0), (4 bytes).
    Removing pines.o(.bss.FunExti1), (4 bytes).
    Removing pines.o(.bss.FunExti2), (4 bytes).
    Removing pines.o(.bss.FunExti3), (4 bytes).
    Removing pines.o(.bss.FunExti4), (4 bytes).
    Removing pines.o(.bss.FunExti5), (4 bytes).
    Removing pines.o(.bss.FunExti6), (4 bytes).
    Removing pines.o(.bss.FunExti7), (4 bytes).
    Removing pines.o(.bss.FunExti8), (4 bytes).
    Removing pines.o(.bss.FunExti9), (4 bytes).
    Removing pines.o(.bss.FunExti10), (4 bytes).
    Removing pines.o(.bss.FunExti11), (4 bytes).
    Removing pines.o(.bss.FunExti12), (4 bytes).
    Removing pines.o(.bss.FunExti13), (4 bytes).
    Removing pines.o(.bss.FunExti14), (4 bytes).
    Removing pines.o(.bss.FunExti15), (4 bytes).
    Removing system_stm32f4xx.o(.text), (0 bytes).
    Removing system_stm32f4xx.o(.ARM.exidx.text.SystemInit), (8 bytes).
    Removing system_stm32f4xx.o(.ARM.exidx.text.SystemCoreClockUpdate), (8 bytes).
    Removing system_stm32f4xx.o(.rodata.APBPrescTable), (8 bytes).

177 unused section(s) (total 9691 bytes) removed from the image.

==============================================================================

Image Symbol Table

    Local Symbols

    Symbol Name                              Value     Ov Type        Size  Object(Section)

    ../clib/angel/boardlib.s                 0x00000000   Number         0  boardinit1.o ABSOLUTE
    ../clib/angel/boardlib.s                 0x00000000   Number         0  boardinit2.o ABSOLUTE
    ../clib/angel/boardlib.s                 0x00000000   Number         0  boardinit3.o ABSOLUTE
    ../clib/angel/boardlib.s                 0x00000000   Number         0  boardshut.o ABSOLUTE
    ../clib/angel/handlers.s                 0x00000000   Number         0  __scatter_copy.o ABSOLUTE
    ../clib/angel/handlers.s                 0x00000000   Number         0  __scatter_zi.o ABSOLUTE
    ../clib/angel/kernel.s                   0x00000000   Number         0  __rtentry.o ABSOLUTE
    ../clib/angel/kernel.s                   0x00000000   Number         0  __rtentry2.o ABSOLUTE
    ../clib/angel/kernel.s                   0x00000000   Number         0  __rtentry4.o ABSOLUTE
    ../clib/angel/kernel.s                   0x00000000   Number         0  rtexit.o ABSOLUTE
    ../clib/angel/kernel.s                   0x00000000   Number         0  rtexit2.o ABSOLUTE
    ../clib/angel/rt.s                       0x00000000   Number         0  rt_raise.o ABSOLUTE
    ../clib/angel/scatter.s                  0x00000000   Number         0  __scatter.o ABSOLUTE
    ../clib/angel/startup.s                  0x00000000   Number         0  __main.o ABSOLUTE
    ../clib/angel/sys.s                      0x00000000   Number         0  sys_stackheap_outer.o ABSOLUTE
    ../clib/angel/sys.s                      0x00000000   Number         0  libspace.o ABSOLUTE
    ../clib/angel/sys.s                      0x00000000   Number         0  use_no_semi.o ABSOLUTE
    ../clib/angel/sys.s                      0x00000000   Number         0  indicate_semi.o ABSOLUTE
    ../clib/angel/sysapp.c                   0x00000000   Number         0  sys_command.o ABSOLUTE
    ../clib/angel/sysapp.c                   0x00000000   Number         0  sys_command_hlt.o ABSOLUTE
    ../clib/angel/sysapp.c                   0x00000000   Number         0  sys_exit.o ABSOLUTE
    ../clib/angel/sysapp.c                   0x00000000   Number         0  sys_exit_hlt.o ABSOLUTE
    ../clib/angel/sysapp.c                   0x00000000   Number         0  sys_wrch.o ABSOLUTE
    ../clib/angel/sysapp.c                   0x00000000   Number         0  sys_wrch_hlt.o ABSOLUTE
    ../clib/arm_runtime.c                    0x00000000   Number         0  init_aeabi.o ABSOLUTE
    ../clib/arm_runtime.c                    0x00000000   Number         0  init_aeabi.o ABSOLUTE
    ../clib/armsys.c                         0x00000000   Number         0  argv_veneer.o ABSOLUTE
    ../clib/armsys.c                         0x00000000   Number         0  argv_veneer.o ABSOLUTE
    ../clib/armsys.c                         0x00000000   Number         0  _get_argv_nomalloc.o ABSOLUTE
    ../clib/armsys.c                         0x00000000   Number         0  no_argv.o ABSOLUTE
    ../clib/heapalloc.c                      0x00000000   Number         0  hrguard.o ABSOLUTE
    ../clib/heapaux.c                        0x00000000   Number         0  heapauxi.o ABSOLUTE
    ../clib/libinit.s                        0x00000000   Number         0  libinit2.o ABSOLUTE
    ../clib/libinit.s                        0x00000000   Number         0  libinit.o ABSOLUTE
    ../clib/libinit.s                        0x00000000   Number         0  libshutdown.o ABSOLUTE
    ../clib/libinit.s                        0x00000000   Number         0  libshutdown2.o ABSOLUTE
    ../clib/r_arm_target.c                   0x00000000   Number         0  __ARM_resolve_target1.o ABSOLUTE
    ../clib/r_arm_target.c                   0x00000000   Number         0  __ARM_resolve_target1_abs32.o ABSOLUTE
    ../clib/signal.c                         0x00000000   Number         0  defsig_rtmem_outer.o ABSOLUTE
    ../clib/signal.c                         0x00000000   Number         0  defsig_rtmem_formal.o ABSOLUTE
    ../clib/signal.c                         0x00000000   Number         0  defsig_exit.o ABSOLUTE
    ../clib/signal.c                         0x00000000   Number         0  defsig_rtmem_inner.o ABSOLUTE
    ../clib/signal.c                         0x00000000   Number         0  __raise.o ABSOLUTE
    ../clib/signal.c                         0x00000000   Number         0  defsig_general.o ABSOLUTE
    ../clib/signal.c                         0x00000000   Number         0  defsig_abrt_inner.o ABSOLUTE
    ../clib/signal.c                         0x00000000   Number         0  defsig_fpe_inner.o ABSOLUTE
    ../clib/signal.c                         0x00000000   Number         0  defsig_rtred_inner.o ABSOLUTE
    ../clib/signal.c                         0x00000000   Number         0  defsig_stak_inner.o ABSOLUTE
    ../clib/signal.c                         0x00000000   Number         0  defsig_pvfn_inner.o ABSOLUTE
    ../clib/signal.c                         0x00000000   Number         0  defsig_cppl_inner.o ABSOLUTE
    ../clib/signal.c                         0x00000000   Number         0  defsig_segv_inner.o ABSOLUTE
    ../clib/signal.c                         0x00000000   Number         0  defsig_other.o ABSOLUTE
    ../clib/signal.s                         0x00000000   Number         0  defsig.o ABSOLUTE
    ../clib/stdlib.c                         0x00000000   Number         0  exit.o ABSOLUTE
    ../fplib/d2f.s                           0x00000000   Number         0  d2f.o ABSOLUTE
    ../fplib/dcmp.s                          0x00000000   Number         0  dcmp.o ABSOLUTE
    ../fplib/dcmpi.s                         0x00000000   Number         0  dcmpi.o ABSOLUTE
    ../fplib/ddiv.s                          0x00000000   Number         0  ddiv.o ABSOLUTE
    ../fplib/deqf.s                          0x00000000   Number         0  deqf.o ABSOLUTE
    ../fplib/dfixu.s                         0x00000000   Number         0  dfixu.o ABSOLUTE
    ../fplib/dflt.s                          0x00000000   Number         0  dflt_clz.o ABSOLUTE
    ../fplib/dgeqf.s                         0x00000000   Number         0  dgeqf.o ABSOLUTE
    ../fplib/dleqf.s                         0x00000000   Number         0  dleqf.o ABSOLUTE
    ../fplib/dmul.s                          0x00000000   Number         0  dmul.o ABSOLUTE
    ../fplib/dnaninf.s                       0x00000000   Number         0  dnaninf.o ABSOLUTE
    ../fplib/dretinf.s                       0x00000000   Number         0  dretinf.o ABSOLUTE
    ../fplib/f2d.s                           0x00000000   Number         0  f2d.o ABSOLUTE
    ../fplib/fnaninf.s                       0x00000000   Number         0  fnaninf.o ABSOLUTE
    ../fplib/fpinit.s                        0x00000000   Number         0  fpinit.o ABSOLUTE
    ../fplib/fretinf.s                       0x00000000   Number         0  fretinf.o ABSOLUTE
    ../fplib/usenofp.s                       0x00000000   Number         0  usenofp.o ABSOLUTE
    Delay.cpp                                0x00000000   Number         0  delay.o ABSOLUTE
    GLcd.cpp                                 0x00000000   Number         0  glcd.o ABSOLUTE
    GLcd12864.cpp                            0x00000000   Number         0  glcd12864.o ABSOLUTE
    Main.cpp                                 0x00000000   Number         0  main.o ABSOLUTE
    Pines.cpp                                0x00000000   Number         0  pines.o ABSOLUTE
    RTE/Device/STM32F401RETx/startup_stm32f401xe.s 0x00000000   Number         0  startup_stm32f401xe.o ABSOLUTE
    dc.s                                     0x00000000   Number         0  dc.o ABSOLUTE
    system_stm32f4xx.c                       0x00000000   Number         0  system_stm32f4xx.o ABSOLUTE
    RESET                                    0x08000000   Section      404  startup_stm32f401xe.o(RESET)
    !!!main                                  0x08000194   Section        8  __main.o(!!!main)
    !!!scatter                               0x0800019c   Section       52  __scatter.o(!!!scatter)
    !!handler_copy                           0x080001d0   Section       26  __scatter_copy.o(!!handler_copy)
    !!handler_zi                             0x080001ec   Section       28  __scatter_zi.o(!!handler_zi)
    .ARM.Collect$$libinit$$00000000          0x08000208   Section        2  libinit.o(.ARM.Collect$$libinit$$00000000)
    .ARM.Collect$$libinit$$00000001          0x0800020a   Section        4  libinit2.o(.ARM.Collect$$libinit$$00000001)
    .ARM.Collect$$libinit$$00000004          0x0800020e   Section        0  libinit2.o(.ARM.Collect$$libinit$$00000004)
    .ARM.Collect$$libinit$$00000006          0x0800020e   Section        0  libinit2.o(.ARM.Collect$$libinit$$00000006)
    .ARM.Collect$$libinit$$0000000C          0x0800020e   Section        0  libinit2.o(.ARM.Collect$$libinit$$0000000C)
    .ARM.Collect$$libinit$$0000000E          0x0800020e   Section        0  libinit2.o(.ARM.Collect$$libinit$$0000000E)
    .ARM.Collect$$libinit$$00000010          0x0800020e   Section        0  libinit2.o(.ARM.Collect$$libinit$$00000010)
    .ARM.Collect$$libinit$$00000013          0x0800020e   Section        0  libinit2.o(.ARM.Collect$$libinit$$00000013)
    .ARM.Collect$$libinit$$00000015          0x0800020e   Section        0  libinit2.o(.ARM.Collect$$libinit$$00000015)
    .ARM.Collect$$libinit$$00000017          0x0800020e   Section        0  libinit2.o(.ARM.Collect$$libinit$$00000017)
    .ARM.Collect$$libinit$$00000019          0x0800020e   Section        0  libinit2.o(.ARM.Collect$$libinit$$00000019)
    .ARM.Collect$$libinit$$0000001B          0x0800020e   Section        0  libinit2.o(.ARM.Collect$$libinit$$0000001B)
    .ARM.Collect$$libinit$$0000001D          0x0800020e   Section        0  libinit2.o(.ARM.Collect$$libinit$$0000001D)
    .ARM.Collect$$libinit$$0000001F          0x0800020e   Section        0  libinit2.o(.ARM.Collect$$libinit$$0000001F)
    .ARM.Collect$$libinit$$00000021          0x0800020e   Section        0  libinit2.o(.ARM.Collect$$libinit$$00000021)
    .ARM.Collect$$libinit$$00000023          0x0800020e   Section        0  libinit2.o(.ARM.Collect$$libinit$$00000023)
    .ARM.Collect$$libinit$$00000025          0x0800020e   Section        0  libinit2.o(.ARM.Collect$$libinit$$00000025)
    .ARM.Collect$$libinit$$00000027          0x0800020e   Section        0  libinit2.o(.ARM.Collect$$libinit$$00000027)
    .ARM.Collect$$libinit$$0000002E          0x0800020e   Section        0  libinit2.o(.ARM.Collect$$libinit$$0000002E)
    .ARM.Collect$$libinit$$00000030          0x0800020e   Section        0  libinit2.o(.ARM.Collect$$libinit$$00000030)
    .ARM.Collect$$libinit$$00000032          0x0800020e   Section        0  libinit2.o(.ARM.Collect$$libinit$$00000032)
    .ARM.Collect$$libinit$$00000033          0x0800020e   Section        4  libinit2.o(.ARM.Collect$$libinit$$00000033)
    .ARM.Collect$$libinit$$00000034          0x08000212   Section        0  libinit2.o(.ARM.Collect$$libinit$$00000034)
    .ARM.Collect$$libinit$$00000035          0x08000212   Section        2  libinit2.o(.ARM.Collect$$libinit$$00000035)
    .ARM.Collect$$libshutdown$$00000000      0x08000214   Section        2  libshutdown.o(.ARM.Collect$$libshutdown$$00000000)
    .ARM.Collect$$libshutdown$$00000002      0x08000216   Section        0  libshutdown2.o(.ARM.Collect$$libshutdown$$00000002)
    .ARM.Collect$$libshutdown$$00000004      0x08000216   Section        0  libshutdown2.o(.ARM.Collect$$libshutdown$$00000004)
    .ARM.Collect$$libshutdown$$00000007      0x08000216   Section        0  libshutdown2.o(.ARM.Collect$$libshutdown$$00000007)
    .ARM.Collect$$libshutdown$$0000000A      0x08000216   Section        0  libshutdown2.o(.ARM.Collect$$libshutdown$$0000000A)
    .ARM.Collect$$libshutdown$$0000000C      0x08000216   Section        0  libshutdown2.o(.ARM.Collect$$libshutdown$$0000000C)
    .ARM.Collect$$libshutdown$$0000000F      0x08000216   Section        0  libshutdown2.o(.ARM.Collect$$libshutdown$$0000000F)
    .ARM.Collect$$libshutdown$$00000010      0x08000216   Section        2  libshutdown2.o(.ARM.Collect$$libshutdown$$00000010)
    .ARM.Collect$$rtentry$$00000000          0x08000218   Section        0  __rtentry.o(.ARM.Collect$$rtentry$$00000000)
    .ARM.Collect$$rtentry$$00000002          0x08000218   Section        0  __rtentry2.o(.ARM.Collect$$rtentry$$00000002)
    .ARM.Collect$$rtentry$$00000004          0x08000218   Section        6  __rtentry4.o(.ARM.Collect$$rtentry$$00000004)
    .ARM.Collect$$rtentry$$00000009          0x0800021e   Section        0  __rtentry2.o(.ARM.Collect$$rtentry$$00000009)
    .ARM.Collect$$rtentry$$0000000A          0x0800021e   Section        4  __rtentry2.o(.ARM.Collect$$rtentry$$0000000A)
    .ARM.Collect$$rtentry$$0000000C          0x08000222   Section        0  __rtentry2.o(.ARM.Collect$$rtentry$$0000000C)
    .ARM.Collect$$rtentry$$0000000D          0x08000222   Section        8  __rtentry2.o(.ARM.Collect$$rtentry$$0000000D)
    .ARM.Collect$$rtexit$$00000000           0x0800022a   Section        2  rtexit.o(.ARM.Collect$$rtexit$$00000000)
    .ARM.Collect$$rtexit$$00000002           0x0800022c   Section        0  rtexit2.o(.ARM.Collect$$rtexit$$00000002)
    .ARM.Collect$$rtexit$$00000003           0x0800022c   Section        4  rtexit2.o(.ARM.Collect$$rtexit$$00000003)
    .ARM.Collect$$rtexit$$00000004           0x08000230   Section        6  rtexit2.o(.ARM.Collect$$rtexit$$00000004)
    $v0                                      0x08000238   Number         0  startup_stm32f401xe.o(.text)
    .text                                    0x08000238   Section       64  startup_stm32f401xe.o(.text)
    .text                                    0x08000278   Section        0  heapauxi.o(.text)
    .text                                    0x08000280   Section        0  init_aeabi.o(.text)
    .text                                    0x080002a4   Section       74  sys_stackheap_outer.o(.text)
    .text                                    0x080002ee   Section        0  exit.o(.text)
    .text                                    0x08000300   Section        8  libspace.o(.text)
    .text                                    0x08000308   Section        2  use_no_semi.o(.text)
    .text                                    0x0800030a   Section        0  indicate_semi.o(.text)
    .text                                    0x0800030c   Section        0  sys_exit.o(.text)
    [Anonymous Symbol]                       0x08000318   Section        0  main.o(.text.SysTick_Handler)
    [Anonymous Symbol]                       0x08000358   Section        0  system_stm32f4xx.o(.text.SystemCoreClockUpdate)
    [Anonymous Symbol]                       0x08000488   Section        0  system_stm32f4xx.o(.text.SystemInit)
    _GLOBAL__sub_I_Main.cpp                  0x0800049d   Thumb Code     8  main.o(.text._GLOBAL__sub_I_Main.cpp)
    [Anonymous Symbol]                       0x0800049c   Section        0  main.o(.text._GLOBAL__sub_I_Main.cpp)
    [Anonymous Symbol]                       0x080004a4   Section        0  delay.o(.text._Z12IniciarDelayv)
    [Anonymous Symbol]                       0x080004d0   Section        0  delay.o(.text._Z17delayMicrosecondsj)
    [Anonymous Symbol]                       0x08000558   Section        0  delay.o(.text._Z5delayj)
    [Anonymous Symbol]                       0x080005e0   Section        0  main.o(.text._Z6kalmanv)
    [Anonymous Symbol]                       0x08000678   Section        0  delay.o(.text._Z8Delay_msj)
    SysTick_Config(unsigned int)             0x08000701   Thumb Code    82  main.o(.text._ZL14SysTick_Configj)
    [Anonymous Symbol]                       0x08000700   Section        0  main.o(.text._ZL14SysTick_Configj)
    __NVIC_SetPriority(IRQn_Type, unsigned int) 0x08000755   Thumb Code    66  main.o(.text._ZL18__NVIC_SetPriority9IRQn_Typej)
    [Anonymous Symbol]                       0x08000754   Section        0  main.o(.text._ZL18__NVIC_SetPriority9IRQn_Typej)
    [Anonymous Symbol]                       0x08000798   Section        0  glcd.o(.text._ZN4GLcd10PrintTextoEiiPc)
    [Anonymous Symbol]                       0x080007f0   Section        0  glcd.o(.text._ZN4GLcd11FuenteTextoEPKh)
    [Anonymous Symbol]                       0x0800084c   Section        0  glcd.o(.text._ZN4GLcd11IniciarGLCDEv)
    [Anonymous Symbol]                       0x08000854   Section        0  glcd.o(.text._ZN4GLcd12GetPixelFontEPKhiic)
    [Anonymous Symbol]                       0x080008d4   Section        0  glcd.o(.text._ZN4GLcd12GetPixelFontEiic)
    [Anonymous Symbol]                       0x080008fc   Section        0  glcd.o(.text._ZN4GLcd5LineaEiiii)
    [Anonymous Symbol]                       0x08000a8c   Section        0  glcd.o(.text._ZN4GLcd5PixelEii)
    [Anonymous Symbol]                       0x08000a98   Section        0  glcd.o(.text._ZN4GLcd6LineaXEiii)
    [Anonymous Symbol]                       0x08000aa8   Section        0  glcd.o(.text._ZN4GLcd6LineaYEiii)
    [Anonymous Symbol]                       0x08000ab8   Section        0  glcd.o(.text._ZN4GLcd8SetColorEj)
    [Anonymous Symbol]                       0x08000ad4   Section        0  glcd.o(.text._ZN4GLcd9AnchoCharEc)
    [Anonymous Symbol]                       0x08000af8   Section        0  glcd.o(.text._ZN4GLcd9PrintCharEiic)
    [Anonymous Symbol]                       0x08000b7c   Section        0  glcd.o(.text._ZN4GLcd9RefrescarEv)
    [Anonymous Symbol]                       0x08000b84   Section        0  glcd.o(.text._ZN4GLcdC2Ev)
    [Anonymous Symbol]                       0x08000bc0   Section        0  pines.o(.text._ZN5Pines10DigitalOutEh)
    [Anonymous Symbol]                       0x08000bf4   Section        0  pines.o(.text._ZN5Pines3PinEh)
    [Anonymous Symbol]                       0x08000d44   Section        0  pines.o(.text._ZN5Pines6SetPinEb)
    [Anonymous Symbol]                       0x08000d7c   Section        0  pines.o(.text._ZN5PinesaSEb)
    [Anonymous Symbol]                       0x08000da0   Section        0  pines.o(.text._ZN5PinesrsEi)
    [Anonymous Symbol]                       0x08000db8   Section        0  glcd12864.o(.text._ZN9GLcd1286410SetColumnaEh)
    [Anonymous Symbol]                       0x08000dd8   Section        0  glcd12864.o(.text._ZN9GLcd1286411IniciarGLCDEiiiiiiiiiiiii)
    [Anonymous Symbol]                       0x08000f48   Section        0  glcd12864.o(.text._ZN9GLcd1286411IniciarGLCDEv)
    [Anonymous Symbol]                       0x08000f98   Section        0  glcd12864.o(.text._ZN9GLcd1286414BorrarPantallaEv)
    [Anonymous Symbol]                       0x08000fcc   Section        0  glcd12864.o(.text._ZN9GLcd128643BusEh)
    [Anonymous Symbol]                       0x0800106c   Section        0  glcd12864.o(.text._ZN9GLcd128645PixelEii)
    [Anonymous Symbol]                       0x080012a4   Section        0  glcd12864.o(.text._ZN9GLcd128646LineaXEiii)
    [Anonymous Symbol]                       0x080012e0   Section        0  glcd12864.o(.text._ZN9GLcd128646LineaYEiii)
    [Anonymous Symbol]                       0x0800131c   Section        0  glcd12864.o(.text._ZN9GLcd128647ComandoEh)
    [Anonymous Symbol]                       0x08001368   Section        0  glcd12864.o(.text._ZN9GLcd128648PastillaEbb)
    [Anonymous Symbol]                       0x080013a4   Section        0  glcd12864.o(.text._ZN9GLcd128649RefrescarEv)
    [Anonymous Symbol]                       0x080014e4   Section        0  glcd12864.o(.text._ZN9GLcd128649SetPaginaEh)
    [Anonymous Symbol]                       0x08001504   Section        0  glcd12864.o(.text._ZN9GLcd12864C2Ev)
    __cxx_global_var_init                    0x08001525   Thumb Code    16  main.o(.text.__cxx_global_var_init)
    [Anonymous Symbol]                       0x08001524   Section        0  main.o(.text.__cxx_global_var_init)
    [Anonymous Symbol]                       0x08001538   Section        0  main.o(.text.main)
    $v0                                      0x080018d8   Number         0  d2f.o(x$fpl$d2f)
    x$fpl$d2f                                0x080018d8   Section       98  d2f.o(x$fpl$d2f)
    $v0                                      0x0800193a   Number         0  dcmpi.o(x$fpl$dcmpinf)
    x$fpl$dcmpinf                            0x0800193a   Section       24  dcmpi.o(x$fpl$dcmpinf)
    $v0                                      0x08001954   Number         0  ddiv.o(x$fpl$ddiv)
    x$fpl$ddiv                               0x08001954   Section      692  ddiv.o(x$fpl$ddiv)
    ddiv_entry                               0x0800195b   Thumb Code     0  ddiv.o(x$fpl$ddiv)
    $v0                                      0x08001c08   Number         0  deqf.o(x$fpl$deqf)
    x$fpl$deqf                               0x08001c08   Section      120  deqf.o(x$fpl$deqf)
    $v0                                      0x08001c80   Number         0  dfixu.o(x$fpl$dfixu)
    x$fpl$dfixu                              0x08001c80   Section       90  dfixu.o(x$fpl$dfixu)
    $v0                                      0x08001cda   Number         0  dflt_clz.o(x$fpl$dfltu)
    x$fpl$dfltu                              0x08001cda   Section       38  dflt_clz.o(x$fpl$dfltu)
    $v0                                      0x08001d00   Number         0  dgeqf.o(x$fpl$dgeqf)
    x$fpl$dgeqf                              0x08001d00   Section      120  dgeqf.o(x$fpl$dgeqf)
    $v0                                      0x08001d78   Number         0  dleqf.o(x$fpl$dleqf)
    x$fpl$dleqf                              0x08001d78   Section      120  dleqf.o(x$fpl$dleqf)
    $v0                                      0x08001df0   Number         0  dmul.o(x$fpl$dmul)
    x$fpl$dmul                               0x08001df0   Section      340  dmul.o(x$fpl$dmul)
    $v0                                      0x08001f44   Number         0  dnaninf.o(x$fpl$dnaninf)
    x$fpl$dnaninf                            0x08001f44   Section      156  dnaninf.o(x$fpl$dnaninf)
    $v0                                      0x08001fe0   Number         0  dretinf.o(x$fpl$dretinf)
    x$fpl$dretinf                            0x08001fe0   Section       12  dretinf.o(x$fpl$dretinf)
    $v0                                      0x08001fec   Number         0  f2d.o(x$fpl$f2d)
    x$fpl$f2d                                0x08001fec   Section       86  f2d.o(x$fpl$f2d)
    $v0                                      0x08002042   Number         0  dcmp.o(x$fpl$fcmp)
    x$fpl$fcmp                               0x08002042   Section       84  dcmp.o(x$fpl$fcmp)
    $v0                                      0x08002096   Number         0  fnaninf.o(x$fpl$fnaninf)
    x$fpl$fnaninf                            0x08002096   Section      140  fnaninf.o(x$fpl$fnaninf)
    $v0                                      0x08002122   Number         0  fpinit.o(x$fpl$fpinit)
    x$fpl$fpinit                             0x08002122   Section       26  fpinit.o(x$fpl$fpinit)
    $v0                                      0x0800213c   Number         0  fretinf.o(x$fpl$fretinf)
    x$fpl$fretinf                            0x0800213c   Section       10  fretinf.o(x$fpl$fretinf)
    x$fpl$usenofp                            0x08002146   Section        0  usenofp.o(x$fpl$usenofp)
    Lcd5x7                                   0x08002156   Data         578  glcd.o(.rodata._ZL6Lcd5x7)
    [Anonymous Symbol]                       0x08002156   Section        0  glcd.o(.rodata._ZL6Lcd5x7)
    BitsValue                                0x08002398   Data         128  glcd.o(.rodata._ZL9BitsValue)
    [Anonymous Symbol]                       0x08002398   Section        0  glcd.o(.rodata._ZL9BitsValue)
    .L.str                                   0x08002450   Data           6  main.o(.rodata.str1.1)
    [Anonymous Symbol]                       0x08002450   Section        0  main.o(.rodata.str1.1)
    .init_array                              0x0800247c   Section        0  init_aeabi.o(.init_array)
    .bss                                     0x20000018   Section       96  libspace.o(.bss)
    Heap_Mem                                 0x200005c8   Data         512  startup_stm32f401xe.o(HEAP)
    HEAP                                     0x200005c8   Section      512  startup_stm32f401xe.o(HEAP)
    Stack_Mem                                0x200007c8   Data        1024  startup_stm32f401xe.o(STACK)
    STACK                                    0x200007c8   Section     1024  startup_stm32f401xe.o(STACK)
    __initial_sp                             0x20000bc8   Data           0  startup_stm32f401xe.o(STACK)

    Global Symbols

    Symbol Name                              Value     Ov Type        Size  Object(Section)

    BuildAttributes$$THM_ISAv4$E$P$D$K$B$S$7EM$VFPi3$EXTD16$VFPS$VFMA$PE$A:L22UL41UL21$X:L11$S22US41US21$IEEE1$IW$~IW$USESV6$~STKCKD$USESV7$~SHL$OSPACE$ROPI$EBA8$UX$STANDARDLIB$REQ8$PRES8$EABIv2 0x00000000   Number         0  anon$$obj.o ABSOLUTE
    __ARM_exceptions_init                     - Undefined Weak Reference
    __alloca_initialize                       - Undefined Weak Reference
    __arm_preinit_                            - Undefined Weak Reference
    __arm_relocate_pie_                       - Undefined Weak Reference
    __cxa_finalize                            - Undefined Weak Reference
    __rt_locale                               - Undefined Weak Reference
    __sigvec_lookup                           - Undefined Weak Reference
    _atexit_init                              - Undefined Weak Reference
    _call_atexit_fns                          - Undefined Weak Reference
    _clock_init                               - Undefined Weak Reference
    _fp_trap_init                             - Undefined Weak Reference
    _fp_trap_shutdown                         - Undefined Weak Reference
    _get_lc_collate                           - Undefined Weak Reference
    _get_lc_ctype                             - Undefined Weak Reference
    _get_lc_monetary                          - Undefined Weak Reference
    _get_lc_numeric                           - Undefined Weak Reference
    _get_lc_time                              - Undefined Weak Reference
    _getenv_init                              - Undefined Weak Reference
    _handle_redirection                       - Undefined Weak Reference
    _init_alloc                               - Undefined Weak Reference
    _init_user_alloc                          - Undefined Weak Reference
    _initio                                   - Undefined Weak Reference
    _rand_init                                - Undefined Weak Reference
    _signal_finish                            - Undefined Weak Reference
    _signal_init                              - Undefined Weak Reference
    _terminate_alloc                          - Undefined Weak Reference
    _terminate_user_alloc                     - Undefined Weak Reference
    _terminateio                              - Undefined Weak Reference
    __Vectors_Size                           0x00000194   Number         0  startup_stm32f401xe.o ABSOLUTE
    __Vectors                                0x08000000   Data           4  startup_stm32f401xe.o(RESET)
    __Vectors_End                            0x08000194   Data           0  startup_stm32f401xe.o(RESET)
    __main                                   0x08000195   Thumb Code     8  __main.o(!!!main)
    __scatterload                            0x0800019d   Thumb Code     0  __scatter.o(!!!scatter)
    __scatterload_rt2                        0x0800019d   Thumb Code    44  __scatter.o(!!!scatter)
    __scatterload_rt2_thumb_only             0x0800019d   Thumb Code     0  __scatter.o(!!!scatter)
    __scatterload_null                       0x080001ab   Thumb Code     0  __scatter.o(!!!scatter)
    __scatterload_copy                       0x080001d1   Thumb Code    26  __scatter_copy.o(!!handler_copy)
    __scatterload_zeroinit                   0x080001ed   Thumb Code    28  __scatter_zi.o(!!handler_zi)
    __rt_lib_init                            0x08000209   Thumb Code     0  libinit.o(.ARM.Collect$$libinit$$00000000)
    __rt_lib_init_fp_1                       0x0800020b   Thumb Code     0  libinit2.o(.ARM.Collect$$libinit$$00000001)
    __rt_lib_init_alloca_1                   0x0800020f   Thumb Code     0  libinit2.o(.ARM.Collect$$libinit$$00000030)
    __rt_lib_init_argv_1                     0x0800020f   Thumb Code     0  libinit2.o(.ARM.Collect$$libinit$$0000002E)
    __rt_lib_init_atexit_1                   0x0800020f   Thumb Code     0  libinit2.o(.ARM.Collect$$libinit$$0000001D)
    __rt_lib_init_clock_1                    0x0800020f   Thumb Code     0  libinit2.o(.ARM.Collect$$libinit$$00000023)
    __rt_lib_init_cpp_2                      0x0800020f   Thumb Code     0  libinit2.o(.ARM.Collect$$libinit$$00000033)
    __rt_lib_init_exceptions_1               0x0800020f   Thumb Code     0  libinit2.o(.ARM.Collect$$libinit$$00000032)
    __rt_lib_init_fp_trap_1                  0x0800020f   Thumb Code     0  libinit2.o(.ARM.Collect$$libinit$$00000021)
    __rt_lib_init_getenv_1                   0x0800020f   Thumb Code     0  libinit2.o(.ARM.Collect$$libinit$$00000025)
    __rt_lib_init_heap_1                     0x0800020f   Thumb Code     0  libinit2.o(.ARM.Collect$$libinit$$0000000C)
    __rt_lib_init_lc_collate_1               0x0800020f   Thumb Code     0  libinit2.o(.ARM.Collect$$libinit$$00000013)
    __rt_lib_init_lc_ctype_1                 0x0800020f   Thumb Code     0  libinit2.o(.ARM.Collect$$libinit$$00000015)
    __rt_lib_init_lc_monetary_1              0x0800020f   Thumb Code     0  libinit2.o(.ARM.Collect$$libinit$$00000017)
    __rt_lib_init_lc_numeric_1               0x0800020f   Thumb Code     0  libinit2.o(.ARM.Collect$$libinit$$00000019)
    __rt_lib_init_lc_time_1                  0x0800020f   Thumb Code     0  libinit2.o(.ARM.Collect$$libinit$$0000001B)
    __rt_lib_init_preinit_1                  0x0800020f   Thumb Code     0  libinit2.o(.ARM.Collect$$libinit$$00000006)
    __rt_lib_init_rand_1                     0x0800020f   Thumb Code     0  libinit2.o(.ARM.Collect$$libinit$$00000010)
    __rt_lib_init_relocate_pie_1             0x0800020f   Thumb Code     0  libinit2.o(.ARM.Collect$$libinit$$00000004)
    __rt_lib_init_signal_1                   0x0800020f   Thumb Code     0  libinit2.o(.ARM.Collect$$libinit$$0000001F)
    __rt_lib_init_stdio_1                    0x0800020f   Thumb Code     0  libinit2.o(.ARM.Collect$$libinit$$00000027)
    __rt_lib_init_user_alloc_1               0x0800020f   Thumb Code     0  libinit2.o(.ARM.Collect$$libinit$$0000000E)
    __rt_lib_init_cpp_1                      0x08000213   Thumb Code     0  libinit2.o(.ARM.Collect$$libinit$$00000034)
    __rt_lib_init_return                     0x08000213   Thumb Code     0  libinit2.o(.ARM.Collect$$libinit$$00000035)
    __rt_lib_shutdown                        0x08000215   Thumb Code     0  libshutdown.o(.ARM.Collect$$libshutdown$$00000000)
    __rt_lib_shutdown_cpp_1                  0x08000217   Thumb Code     0  libshutdown2.o(.ARM.Collect$$libshutdown$$00000002)
    __rt_lib_shutdown_fp_trap_1              0x08000217   Thumb Code     0  libshutdown2.o(.ARM.Collect$$libshutdown$$00000007)
    __rt_lib_shutdown_heap_1                 0x08000217   Thumb Code     0  libshutdown2.o(.ARM.Collect$$libshutdown$$0000000F)
    __rt_lib_shutdown_return                 0x08000217   Thumb Code     0  libshutdown2.o(.ARM.Collect$$libshutdown$$00000010)
    __rt_lib_shutdown_signal_1               0x08000217   Thumb Code     0  libshutdown2.o(.ARM.Collect$$libshutdown$$0000000A)
    __rt_lib_shutdown_stdio_1                0x08000217   Thumb Code     0  libshutdown2.o(.ARM.Collect$$libshutdown$$00000004)
    __rt_lib_shutdown_user_alloc_1           0x08000217   Thumb Code     0  libshutdown2.o(.ARM.Collect$$libshutdown$$0000000C)
    __rt_entry                               0x08000219   Thumb Code     0  __rtentry.o(.ARM.Collect$$rtentry$$00000000)
    __rt_entry_presh_1                       0x08000219   Thumb Code     0  __rtentry2.o(.ARM.Collect$$rtentry$$00000002)
    __rt_entry_sh                            0x08000219   Thumb Code     0  __rtentry4.o(.ARM.Collect$$rtentry$$00000004)
    __rt_entry_li                            0x0800021f   Thumb Code     0  __rtentry2.o(.ARM.Collect$$rtentry$$0000000A)
    __rt_entry_postsh_1                      0x0800021f   Thumb Code     0  __rtentry2.o(.ARM.Collect$$rtentry$$00000009)
    __rt_entry_main                          0x08000223   Thumb Code     0  __rtentry2.o(.ARM.Collect$$rtentry$$0000000D)
    __rt_entry_postli_1                      0x08000223   Thumb Code     0  __rtentry2.o(.ARM.Collect$$rtentry$$0000000C)
    __rt_exit                                0x0800022b   Thumb Code     0  rtexit.o(.ARM.Collect$$rtexit$$00000000)
    __rt_exit_ls                             0x0800022d   Thumb Code     0  rtexit2.o(.ARM.Collect$$rtexit$$00000003)
    __rt_exit_prels_1                        0x0800022d   Thumb Code     0  rtexit2.o(.ARM.Collect$$rtexit$$00000002)
    __rt_exit_exit                           0x08000231   Thumb Code     0  rtexit2.o(.ARM.Collect$$rtexit$$00000004)
    Reset_Handler                            0x08000239   Thumb Code     8  startup_stm32f401xe.o(.text)
    NMI_Handler                              0x08000241   Thumb Code     2  startup_stm32f401xe.o(.text)
    HardFault_Handler                        0x08000243   Thumb Code     2  startup_stm32f401xe.o(.text)
    MemManage_Handler                        0x08000245   Thumb Code     2  startup_stm32f401xe.o(.text)
    BusFault_Handler                         0x08000247   Thumb Code     2  startup_stm32f401xe.o(.text)
    UsageFault_Handler                       0x08000249   Thumb Code     2  startup_stm32f401xe.o(.text)
    SVC_Handler                              0x0800024b   Thumb Code     2  startup_stm32f401xe.o(.text)
    DebugMon_Handler                         0x0800024d   Thumb Code     2  startup_stm32f401xe.o(.text)
    PendSV_Handler                           0x0800024f   Thumb Code     2  startup_stm32f401xe.o(.text)
    ADC_IRQHandler                           0x08000253   Thumb Code     0  startup_stm32f401xe.o(.text)
    DMA1_Stream0_IRQHandler                  0x08000253   Thumb Code     0  startup_stm32f401xe.o(.text)
    DMA1_Stream1_IRQHandler                  0x08000253   Thumb Code     0  startup_stm32f401xe.o(.text)
    DMA1_Stream2_IRQHandler                  0x08000253   Thumb Code     0  startup_stm32f401xe.o(.text)
    DMA1_Stream3_IRQHandler                  0x08000253   Thumb Code     0  startup_stm32f401xe.o(.text)
    DMA1_Stream4_IRQHandler                  0x08000253   Thumb Code     0  startup_stm32f401xe.o(.text)
    DMA1_Stream5_IRQHandler                  0x08000253   Thumb Code     0  startup_stm32f401xe.o(.text)
    DMA1_Stream6_IRQHandler                  0x08000253   Thumb Code     0  startup_stm32f401xe.o(.text)
    DMA1_Stream7_IRQHandler                  0x08000253   Thumb Code     0  startup_stm32f401xe.o(.text)
    DMA2_Stream0_IRQHandler                  0x08000253   Thumb Code     0  startup_stm32f401xe.o(.text)
    DMA2_Stream1_IRQHandler                  0x08000253   Thumb Code     0  startup_stm32f401xe.o(.text)
    DMA2_Stream2_IRQHandler                  0x08000253   Thumb Code     0  startup_stm32f401xe.o(.text)
    DMA2_Stream3_IRQHandler                  0x08000253   Thumb Code     0  startup_stm32f401xe.o(.text)
    DMA2_Stream4_IRQHandler                  0x08000253   Thumb Code     0  startup_stm32f401xe.o(.text)
    DMA2_Stream5_IRQHandler                  0x08000253   Thumb Code     0  startup_stm32f401xe.o(.text)
    DMA2_Stream6_IRQHandler                  0x08000253   Thumb Code     0  startup_stm32f401xe.o(.text)
    DMA2_Stream7_IRQHandler                  0x08000253   Thumb Code     0  startup_stm32f401xe.o(.text)
    EXTI0_IRQHandler                         0x08000253   Thumb Code     0  startup_stm32f401xe.o(.text)
    EXTI15_10_IRQHandler                     0x08000253   Thumb Code     0  startup_stm32f401xe.o(.text)
    EXTI1_IRQHandler                         0x08000253   Thumb Code     0  startup_stm32f401xe.o(.text)
    EXTI2_IRQHandler                         0x08000253   Thumb Code     0  startup_stm32f401xe.o(.text)
    EXTI3_IRQHandler                         0x08000253   Thumb Code     0  startup_stm32f401xe.o(.text)
    EXTI4_IRQHandler                         0x08000253   Thumb Code     0  startup_stm32f401xe.o(.text)
    EXTI9_5_IRQHandler                       0x08000253   Thumb Code     0  startup_stm32f401xe.o(.text)
    FLASH_IRQHandler                         0x08000253   Thumb Code     0  startup_stm32f401xe.o(.text)
    FPU_IRQHandler                           0x08000253   Thumb Code     0  startup_stm32f401xe.o(.text)
    I2C1_ER_IRQHandler                       0x08000253   Thumb Code     0  startup_stm32f401xe.o(.text)
    I2C1_EV_IRQHandler                       0x08000253   Thumb Code     0  startup_stm32f401xe.o(.text)
    I2C2_ER_IRQHandler                       0x08000253   Thumb Code     0  startup_stm32f401xe.o(.text)
    I2C2_EV_IRQHandler                       0x08000253   Thumb Code     0  startup_stm32f401xe.o(.text)
    I2C3_ER_IRQHandler                       0x08000253   Thumb Code     0  startup_stm32f401xe.o(.text)
    I2C3_EV_IRQHandler                       0x08000253   Thumb Code     0  startup_stm32f401xe.o(.text)
    OTG_FS_IRQHandler                        0x08000253   Thumb Code     0  startup_stm32f401xe.o(.text)
    OTG_FS_WKUP_IRQHandler                   0x08000253   Thumb Code     0  startup_stm32f401xe.o(.text)
    PVD_IRQHandler                           0x08000253   Thumb Code     0  startup_stm32f401xe.o(.text)
    RCC_IRQHandler                           0x08000253   Thumb Code     0  startup_stm32f401xe.o(.text)
    RTC_Alarm_IRQHandler                     0x08000253   Thumb Code     0  startup_stm32f401xe.o(.text)
    RTC_WKUP_IRQHandler                      0x08000253   Thumb Code     0  startup_stm32f401xe.o(.text)
    SDIO_IRQHandler                          0x08000253   Thumb Code     0  startup_stm32f401xe.o(.text)
    SPI1_IRQHandler                          0x08000253   Thumb Code     0  startup_stm32f401xe.o(.text)
    SPI2_IRQHandler                          0x08000253   Thumb Code     0  startup_stm32f401xe.o(.text)
    SPI3_IRQHandler                          0x08000253   Thumb Code     0  startup_stm32f401xe.o(.text)
    SPI4_IRQHandler                          0x08000253   Thumb Code     0  startup_stm32f401xe.o(.text)
    TAMP_STAMP_IRQHandler                    0x08000253   Thumb Code     0  startup_stm32f401xe.o(.text)
    TIM1_BRK_TIM9_IRQHandler                 0x08000253   Thumb Code     0  startup_stm32f401xe.o(.text)
    TIM1_CC_IRQHandler                       0x08000253   Thumb Code     0  startup_stm32f401xe.o(.text)
    TIM1_TRG_COM_TIM11_IRQHandler            0x08000253   Thumb Code     0  startup_stm32f401xe.o(.text)
    TIM1_UP_TIM10_IRQHandler                 0x08000253   Thumb Code     0  startup_stm32f401xe.o(.text)
    TIM2_IRQHandler                          0x08000253   Thumb Code     0  startup_stm32f401xe.o(.text)
    TIM3_IRQHandler                          0x08000253   Thumb Code     0  startup_stm32f401xe.o(.text)
    TIM4_IRQHandler                          0x08000253   Thumb Code     0  startup_stm32f401xe.o(.text)
    TIM5_IRQHandler                          0x08000253   Thumb Code     0  startup_stm32f401xe.o(.text)
    USART1_IRQHandler                        0x08000253   Thumb Code     0  startup_stm32f401xe.o(.text)
    USART2_IRQHandler                        0x08000253   Thumb Code     0  startup_stm32f401xe.o(.text)
    USART6_IRQHandler                        0x08000253   Thumb Code     0  startup_stm32f401xe.o(.text)
    WWDG_IRQHandler                          0x08000253   Thumb Code     0  startup_stm32f401xe.o(.text)
    __user_initial_stackheap                 0x08000255   Thumb Code     0  startup_stm32f401xe.o(.text)
    __use_two_region_memory                  0x08000279   Thumb Code     2  heapauxi.o(.text)
    __rt_heap_escrow$2region                 0x0800027b   Thumb Code     2  heapauxi.o(.text)
    __rt_heap_expand$2region                 0x0800027d   Thumb Code     2  heapauxi.o(.text)
    __cpp_initialize__aeabi_                 0x08000281   Thumb Code    28  init_aeabi.o(.text)
    __user_setup_stackheap                   0x080002a5   Thumb Code    74  sys_stackheap_outer.o(.text)
    exit                                     0x080002ef   Thumb Code    18  exit.o(.text)
    __user_libspace                          0x08000301   Thumb Code     8  libspace.o(.text)
    __user_perproc_libspace                  0x08000301   Thumb Code     0  libspace.o(.text)
    __user_perthread_libspace                0x08000301   Thumb Code     0  libspace.o(.text)
    __I$use$semihosting                      0x08000309   Thumb Code     0  use_no_semi.o(.text)
    __use_no_semihosting_swi                 0x08000309   Thumb Code     2  use_no_semi.o(.text)
    __semihosting_library_function           0x0800030b   Thumb Code     0  indicate_semi.o(.text)
    _sys_exit                                0x0800030d   Thumb Code     8  sys_exit.o(.text)
    SysTick_Handler                          0x08000319   Thumb Code    64  main.o(.text.SysTick_Handler)
    SystemCoreClockUpdate                    0x08000359   Thumb Code   302  system_stm32f4xx.o(.text.SystemCoreClockUpdate)
    SystemInit                               0x08000489   Thumb Code    18  system_stm32f4xx.o(.text.SystemInit)
    IniciarDelay()                           0x080004a5   Thumb Code    40  delay.o(.text._Z12IniciarDelayv)
    delayMicroseconds(unsigned int)          0x080004d1   Thumb Code   136  delay.o(.text._Z17delayMicrosecondsj)
    delay(unsigned int)                      0x08000559   Thumb Code   136  delay.o(.text._Z5delayj)
    kalman()                                 0x080005e1   Thumb Code   146  main.o(.text._Z6kalmanv)
    Delay_ms(unsigned int)                   0x08000679   Thumb Code   136  delay.o(.text._Z8Delay_msj)
    GLcd::PrintTexto(int, int, char*)        0x08000799   Thumb Code    88  glcd.o(.text._ZN4GLcd10PrintTextoEiiPc)
    GLcd::FuenteTexto(unsigned char const*)  0x080007f1   Thumb Code    92  glcd.o(.text._ZN4GLcd11FuenteTextoEPKh)
    GLcd::IniciarGLCD()                      0x0800084d   Thumb Code     8  glcd.o(.text._ZN4GLcd11IniciarGLCDEv)
    GLcd::GetPixelFont(unsigned char const*, int, int, char) 0x08000855   Thumb Code   126  glcd.o(.text._ZN4GLcd12GetPixelFontEPKhiic)
    GLcd::GetPixelFont(int, int, char)       0x080008d5   Thumb Code    40  glcd.o(.text._ZN4GLcd12GetPixelFontEiic)
    GLcd::Linea(int, int, int, int)          0x080008fd   Thumb Code   398  glcd.o(.text._ZN4GLcd5LineaEiiii)
    GLcd::Pixel(int, int)                    0x08000a8d   Thumb Code    12  glcd.o(.text._ZN4GLcd5PixelEii)
    GLcd::LineaX(int, int, int)              0x08000a99   Thumb Code    14  glcd.o(.text._ZN4GLcd6LineaXEiii)
    GLcd::LineaY(int, int, int)              0x08000aa9   Thumb Code    14  glcd.o(.text._ZN4GLcd6LineaYEiii)
    GLcd::SetColor(unsigned int)             0x08000ab9   Thumb Code    26  glcd.o(.text._ZN4GLcd8SetColorEj)
    GLcd::AnchoChar(char)                    0x08000ad5   Thumb Code    34  glcd.o(.text._ZN4GLcd9AnchoCharEc)
    GLcd::PrintChar(int, int, char)          0x08000af9   Thumb Code   130  glcd.o(.text._ZN4GLcd9PrintCharEiic)
    GLcd::Refrescar()                        0x08000b7d   Thumb Code     8  glcd.o(.text._ZN4GLcd9RefrescarEv)
    GLcd::GLcd()                             0x08000b85   Thumb Code    58  glcd.o(.text._ZN4GLcdC2Ev)
    GLcd::GLcd__sub_object()                 0x08000b85   Thumb Code    58  glcd.o(.text._ZN4GLcdC2Ev)
    Pines::DigitalOut(unsigned char)         0x08000bc1   Thumb Code    52  pines.o(.text._ZN5Pines10DigitalOutEh)
    Pines::Pin(unsigned char)                0x08000bf5   Thumb Code   336  pines.o(.text._ZN5Pines3PinEh)
    Pines::SetPin(bool)                      0x08000d45   Thumb Code    54  pines.o(.text._ZN5Pines6SetPinEb)
    Pines::operator=(bool)                   0x08000d7d   Thumb Code    36  pines.o(.text._ZN5PinesaSEb)
    Pines::operator>>(int)                   0x08000da1   Thumb Code    22  pines.o(.text._ZN5PinesrsEi)
    GLcd12864::SetColumna(unsigned char)     0x08000db9   Thumb Code    30  glcd12864.o(.text._ZN9GLcd1286410SetColumnaEh)
    GLcd12864::IniciarGLCD(int, int, int, int, int, int, int, int, int, int, int, int, int) 0x08000dd9   Thumb Code   368  glcd12864.o(.text._ZN9GLcd1286411IniciarGLCDEiiiiiiiiiiiii)
    GLcd12864::IniciarGLCD()                 0x08000f49   Thumb Code    80  glcd12864.o(.text._ZN9GLcd1286411IniciarGLCDEv)
    GLcd12864::BorrarPantalla()              0x08000f99   Thumb Code    50  glcd12864.o(.text._ZN9GLcd1286414BorrarPantallaEv)
    GLcd12864::Bus(unsigned char)            0x08000fcd   Thumb Code   158  glcd12864.o(.text._ZN9GLcd128643BusEh)
    GLcd12864::Pixel(int, int)               0x0800106d   Thumb Code   568  glcd12864.o(.text._ZN9GLcd128645PixelEii)
    GLcd12864::LineaX(int, int, int)         0x080012a5   Thumb Code    58  glcd12864.o(.text._ZN9GLcd128646LineaXEiii)
    GLcd12864::LineaY(int, int, int)         0x080012e1   Thumb Code    58  glcd12864.o(.text._ZN9GLcd128646LineaYEiii)
    GLcd12864::Comando(unsigned char)        0x0800131d   Thumb Code    76  glcd12864.o(.text._ZN9GLcd128647ComandoEh)
    GLcd12864::Pastilla(bool, bool)          0x08001369   Thumb Code    58  glcd12864.o(.text._ZN9GLcd128648PastillaEbb)
    GLcd12864::Refrescar()                   0x080013a5   Thumb Code   320  glcd12864.o(.text._ZN9GLcd128649RefrescarEv)
    GLcd12864::SetPagina(unsigned char)      0x080014e5   Thumb Code    30  glcd12864.o(.text._ZN9GLcd128649SetPaginaEh)
    GLcd12864::GLcd12864()                   0x08001505   Thumb Code    32  glcd12864.o(.text._ZN9GLcd12864C2Ev)
    GLcd12864::GLcd12864__sub_object()       0x08001505   Thumb Code    32  glcd12864.o(.text._ZN9GLcd12864C2Ev)
    main                                     0x08001539   Thumb Code   928  main.o(.text.main)
    __aeabi_d2f                              0x080018d9   Thumb Code     0  d2f.o(x$fpl$d2f)
    _d2f                                     0x080018d9   Thumb Code    98  d2f.o(x$fpl$d2f)
    __fpl_dcmp_Inf                           0x0800193b   Thumb Code    24  dcmpi.o(x$fpl$dcmpinf)
    __aeabi_ddiv                             0x08001955   Thumb Code     0  ddiv.o(x$fpl$ddiv)
    _ddiv                                    0x08001955   Thumb Code   556  ddiv.o(x$fpl$ddiv)
    __aeabi_cdcmpeq                          0x08001c09   Thumb Code     0  deqf.o(x$fpl$deqf)
    _dcmpeq                                  0x08001c09   Thumb Code   120  deqf.o(x$fpl$deqf)
    __aeabi_d2uiz                            0x08001c81   Thumb Code     0  dfixu.o(x$fpl$dfixu)
    _dfixu                                   0x08001c81   Thumb Code    90  dfixu.o(x$fpl$dfixu)
    __aeabi_ui2d                             0x08001cdb   Thumb Code     0  dflt_clz.o(x$fpl$dfltu)
    _dfltu                                   0x08001cdb   Thumb Code    38  dflt_clz.o(x$fpl$dfltu)
    __aeabi_cdcmpge                          0x08001d01   Thumb Code     0  dgeqf.o(x$fpl$dgeqf)
    _dcmpge                                  0x08001d01   Thumb Code   120  dgeqf.o(x$fpl$dgeqf)
    __aeabi_cdcmple                          0x08001d79   Thumb Code     0  dleqf.o(x$fpl$dleqf)
    _dcmple                                  0x08001d79   Thumb Code   120  dleqf.o(x$fpl$dleqf)
    __fpl_dcmple_InfNaN                      0x08001ddb   Thumb Code     0  dleqf.o(x$fpl$dleqf)
    __aeabi_dmul                             0x08001df1   Thumb Code     0  dmul.o(x$fpl$dmul)
    _dmul                                    0x08001df1   Thumb Code   332  dmul.o(x$fpl$dmul)
    __fpl_dnaninf                            0x08001f45   Thumb Code   156  dnaninf.o(x$fpl$dnaninf)
    __fpl_dretinf                            0x08001fe1   Thumb Code    12  dretinf.o(x$fpl$dretinf)
    __aeabi_f2d                              0x08001fed   Thumb Code     0  f2d.o(x$fpl$f2d)
    _f2d                                     0x08001fed   Thumb Code    86  f2d.o(x$fpl$f2d)
    __aeabi_dcmpeq                           0x08002043   Thumb Code     0  dcmp.o(x$fpl$fcmp)
    _deq                                     0x08002043   Thumb Code    14  dcmp.o(x$fpl$fcmp)
    _dneq                                    0x08002051   Thumb Code    14  dcmp.o(x$fpl$fcmp)
    __aeabi_dcmpgt                           0x0800205f   Thumb Code     0  dcmp.o(x$fpl$fcmp)
    _dgr                                     0x0800205f   Thumb Code    14  dcmp.o(x$fpl$fcmp)
    __aeabi_dcmpge                           0x0800206d   Thumb Code     0  dcmp.o(x$fpl$fcmp)
    _dgeq                                    0x0800206d   Thumb Code    14  dcmp.o(x$fpl$fcmp)
    __aeabi_dcmple                           0x0800207b   Thumb Code     0  dcmp.o(x$fpl$fcmp)
    _dleq                                    0x0800207b   Thumb Code    14  dcmp.o(x$fpl$fcmp)
    __aeabi_dcmplt                           0x08002089   Thumb Code     0  dcmp.o(x$fpl$fcmp)
    _dls                                     0x08002089   Thumb Code    14  dcmp.o(x$fpl$fcmp)
    __fpl_fnaninf                            0x08002097   Thumb Code   140  fnaninf.o(x$fpl$fnaninf)
    _fp_init                                 0x08002123   Thumb Code    26  fpinit.o(x$fpl$fpinit)
    __fplib_config_fpu_vfp                   0x0800213b   Thumb Code     0  fpinit.o(x$fpl$fpinit)
    __fplib_config_pureend_doubles           0x0800213b   Thumb Code     0  fpinit.o(x$fpl$fpinit)
    __fpl_fretinf                            0x0800213d   Thumb Code    10  fretinf.o(x$fpl$fretinf)
    AHBPrescTable                            0x08002146   Data          16  system_stm32f4xx.o(.rodata.AHBPrescTable)
    __I$use$fp                               0x08002146   Number         0  usenofp.o(x$fpl$usenofp)
    vtable for GLcd                          0x08002418   Data          28  glcd.o(.rodata._ZTV4GLcd)
    vtable for GLcd12864                     0x08002434   Data          28  glcd12864.o(.rodata._ZTV9GLcd12864)
    Region$$Table$$Base                      0x08002458   Number         0  anon$$obj.o(Region$$Table)
    Region$$Table$$Limit                     0x08002478   Number         0  anon$$obj.o(Region$$Table)
    SHT$$INIT_ARRAY$$Base                    0x08002478   Number         0  main.o(.init_array)
    SHT$$INIT_ARRAY$$Limit                   0x0800247c   Number         0  init_aeabi.o(.init_array)
    SystemCoreClock                          0x20000000   Data           4  system_stm32f4xx.o(.data.SystemCoreClock)
    p_est                                    0x20000004   Data           4  main.o(.data.p_est)
    potfinal                                 0x20000008   Data           4  main.o(.data.potfinal)
    q                                        0x2000000c   Data           4  main.o(.data.q)
    r                                        0x20000010   Data           4  main.o(.data.r)
    x_est                                    0x20000014   Data           4  main.o(.data.x_est)
    __libspace_start                         0x20000018   Data          96  libspace.o(.bss)
    L                                        0x20000078   Data        1320  main.o(.bss.L)
    __temporary_stack_top$libspace           0x20000078   Data           0  libspace.o(.bss)
    bandera                                  0x200005a0   Data           4  main.o(.bss.bandera)
    bmp2                                     0x200005a4   Data           4  main.o(.bss.bmp2)
    cont_bpm                                 0x200005a8   Data           4  main.o(.bss.cont_bpm)
    contadorx                                0x200005ac   Data           4  main.o(.bss.contadorx)
    contadory                                0x200005b0   Data           4  main.o(.bss.contadory)
    conver                                   0x200005b4   Data           4  main.o(.bss.conver)
    pot                                      0x200005b8   Data           4  main.o(.bss.pot)
    pot2                                     0x200005bc   Data           4  main.o(.bss.pot2)
    seg                                      0x200005c0   Data           4  main.o(.bss.seg)



==============================================================================

Memory Map of the image

  Image Entry point : 0x08000239

  Load Region LR_1 (Base: 0x08000000, Size: 0x00002494, Max: 0xffffffff, ABSOLUTE)

    Execution Region ER_RO (Exec base: 0x08000000, Load base: 0x08000000, Size: 0x0000247c, Max: 0xffffffff, ABSOLUTE)

    Exec Addr    Load Addr    Size         Type   Attr      Idx    E Section Name        Object

    0x08000000   0x08000000   0x00000194   Data   RO          270    RESET               startup_stm32f401xe.o
    0x08000194   0x08000194   0x00000008   Code   RO          295  * !!!main             c_w.l(__main.o)
    0x0800019c   0x0800019c   0x00000034   Code   RO          509    !!!scatter          c_w.l(__scatter.o)
    0x080001d0   0x080001d0   0x0000001a   Code   RO          511    !!handler_copy      c_w.l(__scatter_copy.o)
    0x080001ea   0x080001ea   0x00000002   PAD
    0x080001ec   0x080001ec   0x0000001c   Code   RO          513    !!handler_zi        c_w.l(__scatter_zi.o)
    0x08000208   0x08000208   0x00000002   Code   RO          426    .ARM.Collect$$libinit$$00000000  c_w.l(libinit.o)
    0x0800020a   0x0800020a   0x00000004   Code   RO          326    .ARM.Collect$$libinit$$00000001  c_w.l(libinit2.o)
    0x0800020e   0x0800020e   0x00000000   Code   RO          329    .ARM.Collect$$libinit$$00000004  c_w.l(libinit2.o)
    0x0800020e   0x0800020e   0x00000000   Code   RO          331    .ARM.Collect$$libinit$$00000006  c_w.l(libinit2.o)
    0x0800020e   0x0800020e   0x00000000   Code   RO          334    .ARM.Collect$$libinit$$0000000C  c_w.l(libinit2.o)
    0x0800020e   0x0800020e   0x00000000   Code   RO          336    .ARM.Collect$$libinit$$0000000E  c_w.l(libinit2.o)
    0x0800020e   0x0800020e   0x00000000   Code   RO          338    .ARM.Collect$$libinit$$00000010  c_w.l(libinit2.o)
    0x0800020e   0x0800020e   0x00000000   Code   RO          341    .ARM.Collect$$libinit$$00000013  c_w.l(libinit2.o)
    0x0800020e   0x0800020e   0x00000000   Code   RO          343    .ARM.Collect$$libinit$$00000015  c_w.l(libinit2.o)
    0x0800020e   0x0800020e   0x00000000   Code   RO          345    .ARM.Collect$$libinit$$00000017  c_w.l(libinit2.o)
    0x0800020e   0x0800020e   0x00000000   Code   RO          347    .ARM.Collect$$libinit$$00000019  c_w.l(libinit2.o)
    0x0800020e   0x0800020e   0x00000000   Code   RO          349    .ARM.Collect$$libinit$$0000001B  c_w.l(libinit2.o)
    0x0800020e   0x0800020e   0x00000000   Code   RO          351    .ARM.Collect$$libinit$$0000001D  c_w.l(libinit2.o)
    0x0800020e   0x0800020e   0x00000000   Code   RO          353    .ARM.Collect$$libinit$$0000001F  c_w.l(libinit2.o)
    0x0800020e   0x0800020e   0x00000000   Code   RO          355    .ARM.Collect$$libinit$$00000021  c_w.l(libinit2.o)
    0x0800020e   0x0800020e   0x00000000   Code   RO          357    .ARM.Collect$$libinit$$00000023  c_w.l(libinit2.o)
    0x0800020e   0x0800020e   0x00000000   Code   RO          359    .ARM.Collect$$libinit$$00000025  c_w.l(libinit2.o)
    0x0800020e   0x0800020e   0x00000000   Code   RO          361    .ARM.Collect$$libinit$$00000027  c_w.l(libinit2.o)
    0x0800020e   0x0800020e   0x00000000   Code   RO          365    .ARM.Collect$$libinit$$0000002E  c_w.l(libinit2.o)
    0x0800020e   0x0800020e   0x00000000   Code   RO          367    .ARM.Collect$$libinit$$00000030  c_w.l(libinit2.o)
    0x0800020e   0x0800020e   0x00000000   Code   RO          369    .ARM.Collect$$libinit$$00000032  c_w.l(libinit2.o)
    0x0800020e   0x0800020e   0x00000004   Code   RO          370    .ARM.Collect$$libinit$$00000033  c_w.l(libinit2.o)
    0x08000212   0x08000212   0x00000000   Code   RO          371    .ARM.Collect$$libinit$$00000034  c_w.l(libinit2.o)
    0x08000212   0x08000212   0x00000002   Code   RO          372    .ARM.Collect$$libinit$$00000035  c_w.l(libinit2.o)
    0x08000214   0x08000214   0x00000002   Code   RO          468    .ARM.Collect$$libshutdown$$00000000  c_w.l(libshutdown.o)
    0x08000216   0x08000216   0x00000000   Code   RO          476    .ARM.Collect$$libshutdown$$00000002  c_w.l(libshutdown2.o)
    0x08000216   0x08000216   0x00000000   Code   RO          478    .ARM.Collect$$libshutdown$$00000004  c_w.l(libshutdown2.o)
    0x08000216   0x08000216   0x00000000   Code   RO          481    .ARM.Collect$$libshutdown$$00000007  c_w.l(libshutdown2.o)
    0x08000216   0x08000216   0x00000000   Code   RO          484    .ARM.Collect$$libshutdown$$0000000A  c_w.l(libshutdown2.o)
    0x08000216   0x08000216   0x00000000   Code   RO          486    .ARM.Collect$$libshutdown$$0000000C  c_w.l(libshutdown2.o)
    0x08000216   0x08000216   0x00000000   Code   RO          489    .ARM.Collect$$libshutdown$$0000000F  c_w.l(libshutdown2.o)
    0x08000216   0x08000216   0x00000002   Code   RO          490    .ARM.Collect$$libshutdown$$00000010  c_w.l(libshutdown2.o)
    0x08000218   0x08000218   0x00000000   Code   RO          325    .ARM.Collect$$rtentry$$00000000  c_w.l(__rtentry.o)
    0x08000218   0x08000218   0x00000000   Code   RO          393    .ARM.Collect$$rtentry$$00000002  c_w.l(__rtentry2.o)
    0x08000218   0x08000218   0x00000006   Code   RO          405    .ARM.Collect$$rtentry$$00000004  c_w.l(__rtentry4.o)
    0x0800021e   0x0800021e   0x00000000   Code   RO          395    .ARM.Collect$$rtentry$$00000009  c_w.l(__rtentry2.o)
    0x0800021e   0x0800021e   0x00000004   Code   RO          396    .ARM.Collect$$rtentry$$0000000A  c_w.l(__rtentry2.o)
    0x08000222   0x08000222   0x00000000   Code   RO          398    .ARM.Collect$$rtentry$$0000000C  c_w.l(__rtentry2.o)
    0x08000222   0x08000222   0x00000008   Code   RO          399    .ARM.Collect$$rtentry$$0000000D  c_w.l(__rtentry2.o)
    0x0800022a   0x0800022a   0x00000002   Code   RO          434    .ARM.Collect$$rtexit$$00000000  c_w.l(rtexit.o)
    0x0800022c   0x0800022c   0x00000000   Code   RO          446    .ARM.Collect$$rtexit$$00000002  c_w.l(rtexit2.o)
    0x0800022c   0x0800022c   0x00000004   Code   RO          447    .ARM.Collect$$rtexit$$00000003  c_w.l(rtexit2.o)
    0x08000230   0x08000230   0x00000006   Code   RO          448    .ARM.Collect$$rtexit$$00000004  c_w.l(rtexit2.o)
    0x08000236   0x08000236   0x00000002   PAD
    0x08000238   0x08000238   0x00000040   Code   RO          271  * .text               startup_stm32f401xe.o
    0x08000278   0x08000278   0x00000006   Code   RO          293    .text               c_w.l(heapauxi.o)
    0x0800027e   0x0800027e   0x00000002   PAD
    0x08000280   0x08000280   0x00000024   Code   RO          300    .text               c_w.l(init_aeabi.o)
    0x080002a4   0x080002a4   0x0000004a   Code   RO          413    .text               c_w.l(sys_stackheap_outer.o)
    0x080002ee   0x080002ee   0x00000012   Code   RO          415    .text               c_w.l(exit.o)
    0x08000300   0x08000300   0x00000008   Code   RO          431    .text               c_w.l(libspace.o)
    0x08000308   0x08000308   0x00000002   Code   RO          442    .text               c_w.l(use_no_semi.o)
    0x0800030a   0x0800030a   0x00000000   Code   RO          444    .text               c_w.l(indicate_semi.o)
    0x0800030a   0x0800030a   0x00000002   PAD
    0x0800030c   0x0800030c   0x0000000c   Code   RO          458    .text               c_w.l(sys_exit.o)
    0x08000318   0x08000318   0x00000040   Code   RO            6    .text.SysTick_Handler  main.o
    0x08000358   0x08000358   0x0000012e   Code   RO          280    .text.SystemCoreClockUpdate  system_stm32f4xx.o
    0x08000486   0x08000486   0x00000002   PAD
    0x08000488   0x08000488   0x00000012   Code   RO          278    .text.SystemInit    system_stm32f4xx.o
    0x0800049a   0x0800049a   0x00000002   PAD
    0x0800049c   0x0800049c   0x00000008   Code   RO           14    .text._GLOBAL__sub_I_Main.cpp  main.o
    0x080004a4   0x080004a4   0x00000028   Code   RO           41    .text._Z12IniciarDelayv  delay.o
    0x080004cc   0x080004cc   0x00000004   PAD
    0x080004d0   0x080004d0   0x00000088   Code   RO           45    .text._Z17delayMicrosecondsj  delay.o
    0x08000558   0x08000558   0x00000088   Code   RO           49    .text._Z5delayj     delay.o
    0x080005e0   0x080005e0   0x00000092   Code   RO            4    .text._Z6kalmanv    main.o
    0x08000672   0x08000672   0x00000006   PAD
    0x08000678   0x08000678   0x00000088   Code   RO           47    .text._Z8Delay_msj  delay.o
    0x08000700   0x08000700   0x00000052   Code   RO           10    .text._ZL14SysTick_Configj  main.o
    0x08000752   0x08000752   0x00000002   PAD
    0x08000754   0x08000754   0x00000042   Code   RO           12    .text._ZL18__NVIC_SetPriority9IRQn_Typej  main.o
    0x08000796   0x08000796   0x00000002   PAD
    0x08000798   0x08000798   0x00000058   Code   RO          118    .text._ZN4GLcd10PrintTextoEiiPc  glcd.o
    0x080007f0   0x080007f0   0x0000005c   Code   RO           60    .text._ZN4GLcd11FuenteTextoEPKh  glcd.o
    0x0800084c   0x0800084c   0x00000008   Code   RO           62    .text._ZN4GLcd11IniciarGLCDEv  glcd.o
    0x08000854   0x08000854   0x0000007e   Code   RO          112    .text._ZN4GLcd12GetPixelFontEPKhiic  glcd.o
    0x080008d2   0x080008d2   0x00000002   PAD
    0x080008d4   0x080008d4   0x00000028   Code   RO          114    .text._ZN4GLcd12GetPixelFontEiic  glcd.o
    0x080008fc   0x080008fc   0x0000018e   Code   RO           78    .text._ZN4GLcd5LineaEiiii  glcd.o
    0x08000a8a   0x08000a8a   0x00000002   PAD
    0x08000a8c   0x08000a8c   0x0000000c   Code   RO           64    .text._ZN4GLcd5PixelEii  glcd.o
    0x08000a98   0x08000a98   0x0000000e   Code   RO           66    .text._ZN4GLcd6LineaXEiii  glcd.o
    0x08000aa6   0x08000aa6   0x00000002   PAD
    0x08000aa8   0x08000aa8   0x0000000e   Code   RO           68    .text._ZN4GLcd6LineaYEiii  glcd.o
    0x08000ab6   0x08000ab6   0x00000002   PAD
    0x08000ab8   0x08000ab8   0x0000001a   Code   RO           72    .text._ZN4GLcd8SetColorEj  glcd.o
    0x08000ad2   0x08000ad2   0x00000002   PAD
    0x08000ad4   0x08000ad4   0x00000022   Code   RO          106    .text._ZN4GLcd9AnchoCharEc  glcd.o
    0x08000af6   0x08000af6   0x00000002   PAD
    0x08000af8   0x08000af8   0x00000082   Code   RO          116    .text._ZN4GLcd9PrintCharEiic  glcd.o
    0x08000b7a   0x08000b7a   0x00000002   PAD
    0x08000b7c   0x08000b7c   0x00000008   Code   RO           70    .text._ZN4GLcd9RefrescarEv  glcd.o
    0x08000b84   0x08000b84   0x0000003a   Code   RO           58    .text._ZN4GLcdC2Ev  glcd.o
    0x08000bbe   0x08000bbe   0x00000002   PAD
    0x08000bc0   0x08000bc0   0x00000034   Code   RO          178    .text._ZN5Pines10DigitalOutEh  pines.o
    0x08000bf4   0x08000bf4   0x00000150   Code   RO          176    .text._ZN5Pines3PinEh  pines.o
    0x08000d44   0x08000d44   0x00000036   Code   RO          180    .text._ZN5Pines6SetPinEb  pines.o
    0x08000d7a   0x08000d7a   0x00000002   PAD
    0x08000d7c   0x08000d7c   0x00000024   Code   RO          208    .text._ZN5PinesaSEb  pines.o
    0x08000da0   0x08000da0   0x00000016   Code   RO          220    .text._ZN5PinesrsEi  pines.o
    0x08000db6   0x08000db6   0x00000002   PAD
    0x08000db8   0x08000db8   0x0000001e   Code   RO          150    .text._ZN9GLcd1286410SetColumnaEh  glcd12864.o
    0x08000dd6   0x08000dd6   0x00000002   PAD
    0x08000dd8   0x08000dd8   0x00000170   Code   RO          134    .text._ZN9GLcd1286411IniciarGLCDEiiiiiiiiiiiii  glcd12864.o
    0x08000f48   0x08000f48   0x00000050   Code   RO          132    .text._ZN9GLcd1286411IniciarGLCDEv  glcd12864.o
    0x08000f98   0x08000f98   0x00000032   Code   RO          140    .text._ZN9GLcd1286414BorrarPantallaEv  glcd12864.o
    0x08000fca   0x08000fca   0x00000002   PAD
    0x08000fcc   0x08000fcc   0x0000009e   Code   RO          144    .text._ZN9GLcd128643BusEh  glcd12864.o
    0x0800106a   0x0800106a   0x00000002   PAD
    0x0800106c   0x0800106c   0x00000238   Code   RO          158    .text._ZN9GLcd128645PixelEii  glcd12864.o
    0x080012a4   0x080012a4   0x0000003a   Code   RO          160    .text._ZN9GLcd128646LineaXEiii  glcd12864.o
    0x080012de   0x080012de   0x00000002   PAD
    0x080012e0   0x080012e0   0x0000003a   Code   RO          162    .text._ZN9GLcd128646LineaYEiii  glcd12864.o
    0x0800131a   0x0800131a   0x00000002   PAD
    0x0800131c   0x0800131c   0x0000004c   Code   RO          138    .text._ZN9GLcd128647ComandoEh  glcd12864.o
    0x08001368   0x08001368   0x0000003a   Code   RO          136    .text._ZN9GLcd128648PastillaEbb  glcd12864.o
    0x080013a2   0x080013a2   0x00000002   PAD
    0x080013a4   0x080013a4   0x00000140   Code   RO          146    .text._ZN9GLcd128649RefrescarEv  glcd12864.o
    0x080014e4   0x080014e4   0x0000001e   Code   RO          148    .text._ZN9GLcd128649SetPaginaEh  glcd12864.o
    0x08001502   0x08001502   0x00000002   PAD
    0x08001504   0x08001504   0x00000020   Code   RO          130    .text._ZN9GLcd12864C2Ev  glcd12864.o
    0x08001524   0x08001524   0x00000010   Code   RO            2    .text.__cxx_global_var_init  main.o
    0x08001534   0x08001534   0x00000004   PAD
    0x08001538   0x08001538   0x000003a0   Code   RO            8    .text.main          main.o
    0x080018d8   0x080018d8   0x00000062   Code   RO          303    x$fpl$d2f           fz_wm.l(d2f.o)
    0x0800193a   0x0800193a   0x00000018   Code   RO          409    x$fpl$dcmpinf       fz_wm.l(dcmpi.o)
    0x08001952   0x08001952   0x00000002   PAD
    0x08001954   0x08001954   0x000002b4   Code   RO          308    x$fpl$ddiv          fz_wm.l(ddiv.o)
    0x08001c08   0x08001c08   0x00000078   Code   RO          377    x$fpl$deqf          fz_wm.l(deqf.o)
    0x08001c80   0x08001c80   0x0000005a   Code   RO          311    x$fpl$dfixu         fz_wm.l(dfixu.o)
    0x08001cda   0x08001cda   0x00000026   Code   RO          315    x$fpl$dfltu         fz_wm.l(dflt_clz.o)
    0x08001d00   0x08001d00   0x00000078   Code   RO          379    x$fpl$dgeqf         fz_wm.l(dgeqf.o)
    0x08001d78   0x08001d78   0x00000078   Code   RO          381    x$fpl$dleqf         fz_wm.l(dleqf.o)
    0x08001df0   0x08001df0   0x00000154   Code   RO          321    x$fpl$dmul          fz_wm.l(dmul.o)
    0x08001f44   0x08001f44   0x0000009c   Code   RO          383    x$fpl$dnaninf       fz_wm.l(dnaninf.o)
    0x08001fe0   0x08001fe0   0x0000000c   Code   RO          385    x$fpl$dretinf       fz_wm.l(dretinf.o)
    0x08001fec   0x08001fec   0x00000056   Code   RO          323    x$fpl$f2d           fz_wm.l(f2d.o)
    0x08002042   0x08002042   0x00000054   Code   RO          305    x$fpl$fcmp          fz_wm.l(dcmp.o)
    0x08002096   0x08002096   0x0000008c   Code   RO          387    x$fpl$fnaninf       fz_wm.l(fnaninf.o)
    0x08002122   0x08002122   0x0000001a   Code   RO          411    x$fpl$fpinit        fz_wm.l(fpinit.o)
    0x0800213c   0x0800213c   0x0000000a   Code   RO          389    x$fpl$fretinf       fz_wm.l(fretinf.o)
    0x08002146   0x08002146   0x00000000   Code   RO          391    x$fpl$usenofp       fz_wm.l(usenofp.o)
    0x08002146   0x08002146   0x00000010   Data   RO          283    .rodata.AHBPrescTable  system_stm32f4xx.o
    0x08002156   0x08002156   0x00000242   Data   RO          121    .rodata._ZL6Lcd5x7  glcd.o
    0x08002398   0x08002398   0x00000080   Data   RO          122    .rodata._ZL9BitsValue  glcd.o
    0x08002418   0x08002418   0x0000001c   Data   RO          120    .rodata._ZTV4GLcd   glcd.o
    0x08002434   0x08002434   0x0000001c   Data   RO          164    .rodata._ZTV9GLcd12864  glcd12864.o
    0x08002450   0x08002450   0x00000006   Data   RO           31    .rodata.str1.1      main.o
    0x08002456   0x08002456   0x00000002   PAD
    0x08002458   0x08002458   0x00000020   Data   RO          508    Region$$Table       anon$$obj.o
    0x08002478   0x08002478   0x00000004   Data   RO           32    .init_array         main.o
    0x0800247c   0x08002478   0x00000000   Data   RO          298    .init_array         c_w.l(init_aeabi.o)


    Execution Region ER_RW (Exec base: 0x20000000, Load base: 0x0800247c, Size: 0x00000018, Max: 0xffffffff, ABSOLUTE)

    Exec Addr    Load Addr    Size         Type   Attr      Idx    E Section Name        Object

    0x20000000   0x0800247c   0x00000004   Data   RW          282    .data.SystemCoreClock  system_stm32f4xx.o
    0x20000004   0x08002480   0x00000004   Data   RW           30    .data.p_est         main.o
    0x20000008   0x08002484   0x00000004   Data   RW           20    .data.potfinal      main.o
    0x2000000c   0x08002488   0x00000004   Data   RW           27    .data.q             main.o
    0x20000010   0x0800248c   0x00000004   Data   RW           28    .data.r             main.o
    0x20000014   0x08002490   0x00000004   Data   RW           29    .data.x_est         main.o


    Execution Region ER_ZI (Exec base: 0x20000018, Load base: 0x08002494, Size: 0x00000bb0, Max: 0xffffffff, ABSOLUTE)

    Exec Addr    Load Addr    Size         Type   Attr      Idx    E Section Name        Object

    0x20000018        -       0x00000060   Zero   RW          432    .bss                c_w.l(libspace.o)
    0x20000078        -       0x00000528   Zero   RW           26    .bss.L              main.o
    0x200005a0        -       0x00000004   Zero   RW           25    .bss.bandera        main.o
    0x200005a4        -       0x00000004   Zero   RW           24    .bss.bmp2           main.o
    0x200005a8        -       0x00000004   Zero   RW           22    .bss.cont_bpm       main.o
    0x200005ac        -       0x00000004   Zero   RW           16    .bss.contadorx      main.o
    0x200005b0        -       0x00000004   Zero   RW           17    .bss.contadory      main.o
    0x200005b4        -       0x00000004   Zero   RW           21    .bss.conver         main.o
    0x200005b8        -       0x00000004   Zero   RW           18    .bss.pot            main.o
    0x200005bc        -       0x00000004   Zero   RW           19    .bss.pot2           main.o
    0x200005c0        -       0x00000004   Zero   RW           23    .bss.seg            main.o
    0x200005c4   0x08002494   0x00000004   PAD
    0x200005c8        -       0x00000200   Zero   RW          269    HEAP                startup_stm32f401xe.o
    0x200007c8        -       0x00000400   Zero   RW          268    STACK               startup_stm32f401xe.o


==============================================================================

Image component sizes


      Code (inc. data)   RO Data    RW Data    ZI Data      Debug   Object Name

       448         24          0          0          0       3156   delay.o
      1048          0        734          0          0      27303   glcd.o
      1886         16         28          0          0      23755   glcd12864.o
      1310         32         10         20       1356      22388   main.o
       500          0          0          0          0      18330   pines.o
        64         26        404          0       1536        924   startup_stm32f401xe.o
       320          0         16          4          0       2752   system_stm32f4xx.o

    ----------------------------------------------------------------------
      5632         98       1226         24       2896      98608   Object Totals
         0          0         32          0          0          0   (incl. Generated)
        56          0          2          0          4          0   (incl. Padding)

    ----------------------------------------------------------------------

      Code (inc. data)   RO Data    RW Data    ZI Data      Debug   Library Member Name

         8          0          0          0          0         68   __main.o
         0          0          0          0          0          0   __rtentry.o
        12          0          0          0          0          0   __rtentry2.o
         6          0          0          0          0          0   __rtentry4.o
        52          8          0          0          0          0   __scatter.o
        26          0          0          0          0          0   __scatter_copy.o
        28          0          0          0          0          0   __scatter_zi.o
        18          0          0          0          0         80   exit.o
         6          0          0          0          0        152   heapauxi.o
         0          0          0          0          0          0   indicate_semi.o
        36          8          0          0          0         80   init_aeabi.o
         2          0          0          0          0          0   libinit.o
        10          0          0          0          0          0   libinit2.o
         2          0          0          0          0          0   libshutdown.o
         2          0          0          0          0          0   libshutdown2.o
         8          4          0          0         96         68   libspace.o
         2          0          0          0          0          0   rtexit.o
        10          0          0          0          0          0   rtexit2.o
        12          4          0          0          0         68   sys_exit.o
        74          0          0          0          0         80   sys_stackheap_outer.o
         2          0          0          0          0         68   use_no_semi.o
        98          4          0          0          0        140   d2f.o
        84          0          0          0          0        244   dcmp.o
        24          0          0          0          0        116   dcmpi.o
       692        140          0          0          0        264   ddiv.o
       120          4          0          0          0        140   deqf.o
        90          4          0          0          0        140   dfixu.o
        38          0          0          0          0        116   dflt_clz.o
       120          4          0          0          0        140   dgeqf.o
       120          4          0          0          0        140   dleqf.o
       340         12          0          0          0        152   dmul.o
       156          4          0          0          0        140   dnaninf.o
        12          0          0          0          0        116   dretinf.o
        86          4          0          0          0        132   f2d.o
       140          4          0          0          0        132   fnaninf.o
        26          0          0          0          0        116   fpinit.o
        10          0          0          0          0        116   fretinf.o
         0          0          0          0          0          0   usenofp.o

    ----------------------------------------------------------------------
      2482        208          0          0         96       3008   Library Totals
        10          0          0          0          0          0   (incl. Padding)

    ----------------------------------------------------------------------

      Code (inc. data)   RO Data    RW Data    ZI Data      Debug   Library Name

       316         24          0          0         96        664   c_w.l
      2156        184          0          0          0       2344   fz_wm.l

    ----------------------------------------------------------------------
      2482        208          0          0         96       3008   Library Totals

    ----------------------------------------------------------------------

==============================================================================


      Code (inc. data)   RO Data    RW Data    ZI Data      Debug   

      8114        306       1226         24       2992      99808   Grand Totals
      8114        306       1226         24       2992      99808   ELF Image Totals
      8114        306       1226         24          0          0   ROM Totals

==============================================================================

    Total RO  Size (Code + RO Data)                 9340 (   9.12kB)
    Total RW  Size (RW Data + ZI Data)              3016 (   2.95kB)
    Total ROM Size (Code + RO Data + RW Data)       9364 (   9.14kB)

==============================================================================

